{
	"Lockset": {
		"ExistingLocks": {},
		"ExistingUnlocks": {}
	},
	"GuardedAccess": [
		{
			"ID": 1,
			"PosID": 1,
			"Pos": "github.com/amit-davidson/Chronos/Users/amdavidson/dev/go2/go1.15.3/src/internal/race/norace.go:3:10",
			"Value": "github.com/amit-davidson/Chronos/Users/amdavidson/dev/go2/go1.15.3/src/internal/race/norace.go:3:10",
			"OpKind": 0,
			"LocksetJson": {
				"ExistingLocks": {},
				"ExistingUnlocks": {}
			},
			"State": {
				"GoroutineID": 1,
				"Clock": {
					"1": 1
				}
			}
		},
		{
			"ID": 2,
			"PosID": 2,
			"Pos": "github.com/amit-davidson/Chronos/Users/amdavidson/dev/go2/go1.15.3/src/internal/race/norace.go:3:10",
			"Value": "",
			"OpKind": 0,
			"LocksetJson": {
				"ExistingLocks": {},
				"ExistingUnlocks": {}
			},
			"State": {
				"GoroutineID": 1,
				"Clock": {
					"1": 2
				}
			}
		},
		{
			"ID": 3,
			"PosID": 3,
			"Pos": "github.com/amit-davidson/Chronos/Users/amdavidson/dev/go2/go1.15.3/src/internal/race/norace.go:3:10",
			"Value": "github.com/amit-davidson/Chronos/Users/amdavidson/dev/go2/go1.15.3/src/internal/race/norace.go:3:10",
			"OpKind": 1,
			"LocksetJson": {
				"ExistingLocks": {},
				"ExistingUnlocks": {}
			},
			"State": {
				"GoroutineID": 1,
				"Clock": {
					"1": 3
				}
			}
		},
		{
			"ID": 4,
			"PosID": 4,
			"Pos": "github.com/amit-davidson/Chronos/e2e-tests/interfaces/InterfaceWithLock/prog1.go:34:6",
			"Value": "github.com/amit-davidson/Chronos/e2e-tests/interfaces/InterfaceWithLock/prog1.go:34:6",
			"OpKind": 0,
			"LocksetJson": {
				"ExistingLocks": {},
				"ExistingUnlocks": {}
			},
			"State": {
				"GoroutineID": 1,
				"Clock": {
					"1": 4
				}
			}
		},
		{
			"ID": 5,
			"PosID": 5,
			"Pos": "github.com/amit-davidson/Chronos/e2e-tests/interfaces/InterfaceWithLock/prog1.go:34:6",
			"Value": "",
			"OpKind": 0,
			"LocksetJson": {
				"ExistingLocks": {},
				"ExistingUnlocks": {}
			},
			"State": {
				"GoroutineID": 1,
				"Clock": {
					"1": 5
				}
			}
		},
		{
			"ID": 6,
			"PosID": 6,
			"Pos": "github.com/amit-davidson/Chronos/e2e-tests/interfaces/InterfaceWithLock/prog1.go:34:6",
			"Value": "github.com/amit-davidson/Chronos/e2e-tests/interfaces/InterfaceWithLock/prog1.go:34:6",
			"OpKind": 1,
			"LocksetJson": {
				"ExistingLocks": {},
				"ExistingUnlocks": {}
			},
			"State": {
				"GoroutineID": 1,
				"Clock": {
					"1": 6
				}
			}
		}
	]
}