{
	"Lockset": {
		"ExistingLocks": {},
		"ExistingUnlocks": {}
	},
	"GuardedAccess": [
		{
			"ID": 1,
			"Pos": "github.com/amit-davidson/Chronos/e2e-tests/stdlib/TestNoRaceSelect4/prog1.go:9:2",
			"Value": "github.com/amit-davidson/Chronos/e2e-tests/stdlib/TestNoRaceSelect4/prog1.go:9:15",
			"OpKind": 0,
			"LocksetJson": {
				"ExistingLocks": {},
				"ExistingUnlocks": {}
			},
			"State": {
				"GoroutineID": 1,
				"Clock": {
					"1": 1
				}
			}
		},
		{
			"ID": 2,
			"Pos": "github.com/amit-davidson/Chronos/e2e-tests/stdlib/TestNoRaceSelect4/prog1.go:9:2",
			"Value": "github.com/amit-davidson/Chronos/e2e-tests/stdlib/TestNoRaceSelect4/prog1.go:9:2",
			"OpKind": 1,
			"LocksetJson": {
				"ExistingLocks": {},
				"ExistingUnlocks": {}
			},
			"State": {
				"GoroutineID": 1,
				"Clock": {
					"1": 2
				}
			}
		},
		{
			"ID": 3,
			"Pos": "github.com/amit-davidson/Chronos/e2e-tests/stdlib/TestNoRaceSelect4/prog1.go:10:2",
			"Value": "github.com/amit-davidson/Chronos/e2e-tests/stdlib/TestNoRaceSelect4/prog1.go:10:15",
			"OpKind": 0,
			"LocksetJson": {
				"ExistingLocks": {},
				"ExistingUnlocks": {}
			},
			"State": {
				"GoroutineID": 1,
				"Clock": {
					"1": 3
				}
			}
		},
		{
			"ID": 4,
			"Pos": "github.com/amit-davidson/Chronos/e2e-tests/stdlib/TestNoRaceSelect4/prog1.go:10:2",
			"Value": "github.com/amit-davidson/Chronos/e2e-tests/stdlib/TestNoRaceSelect4/prog1.go:10:2",
			"OpKind": 1,
			"LocksetJson": {
				"ExistingLocks": {},
				"ExistingUnlocks": {}
			},
			"State": {
				"GoroutineID": 1,
				"Clock": {
					"1": 4
				}
			}
		},
		{
			"ID": 5,
			"Pos": "",
			"Value": "",
			"OpKind": 0,
			"LocksetJson": {
				"ExistingLocks": {},
				"ExistingUnlocks": {}
			},
			"State": {
				"GoroutineID": 2,
				"Clock": {
					"1": 5,
					"2": 1
				}
			}
		},
		{
			"ID": 6,
			"Pos": "github.com/amit-davidson/Chronos/e2e-tests/stdlib/TestNoRaceSelect4/prog1.go:15:16",
			"Value": "github.com/amit-davidson/Chronos/e2e-tests/stdlib/TestNoRaceSelect4/prog1.go:9:2",
			"OpKind": 0,
			"LocksetJson": {
				"ExistingLocks": {},
				"ExistingUnlocks": {}
			},
			"State": {
				"GoroutineID": 2,
				"Clock": {
					"1": 5,
					"2": 2
				}
			}
		},
		{
			"ID": 7,
			"Pos": "github.com/amit-davidson/Chronos/e2e-tests/stdlib/TestNoRaceSelect4/prog1.go:15:14",
			"Value": "github.com/amit-davidson/Chronos/e2e-tests/stdlib/TestNoRaceSelect4/prog1.go:15:16",
			"OpKind": 0,
			"LocksetJson": {
				"ExistingLocks": {},
				"ExistingUnlocks": {}
			},
			"State": {
				"GoroutineID": 2,
				"Clock": {
					"1": 5,
					"2": 3
				}
			}
		},
		{
			"ID": 8,
			"Pos": "github.com/amit-davidson/Chronos/e2e-tests/stdlib/TestNoRaceSelect4/prog1.go:15:9",
			"Value": "github.com/amit-davidson/Chronos/e2e-tests/stdlib/TestNoRaceSelect4/prog1.go:15:14",
			"OpKind": 0,
			"LocksetJson": {
				"ExistingLocks": {},
				"ExistingUnlocks": {}
			},
			"State": {
				"GoroutineID": 2,
				"Clock": {
					"1": 5,
					"2": 4
				}
			}
		},
		{
			"ID": 9,
			"Pos": "github.com/amit-davidson/Chronos/e2e-tests/stdlib/TestNoRaceSelect4/prog1.go:15:9",
			"Value": "github.com/amit-davidson/Chronos/e2e-tests/stdlib/TestNoRaceSelect4/prog1.go:15:9",
			"OpKind": 1,
			"LocksetJson": {
				"ExistingLocks": {},
				"ExistingUnlocks": {}
			},
			"State": {
				"GoroutineID": 2,
				"Clock": {
					"1": 5,
					"2": 5
				}
			}
		},
		{
			"ID": 10,
			"Pos": "github.com/amit-davidson/Chronos/e2e-tests/stdlib/TestNoRaceSelect4/prog1.go:16:7",
			"Value": "github.com/amit-davidson/Chronos/e2e-tests/stdlib/TestNoRaceSelect4/prog1.go:16:7",
			"OpKind": 0,
			"LocksetJson": {
				"ExistingLocks": {},
				"ExistingUnlocks": {}
			},
			"State": {
				"GoroutineID": 2,
				"Clock": {
					"1": 5,
					"2": 6
				}
			}
		},
		{
			"ID": 11,
			"Pos": "github.com/amit-davidson/Chronos/e2e-tests/stdlib/TestNoRaceSelect4/prog1.go:16:7",
			"Value": "github.com/amit-davidson/Chronos/e2e-tests/stdlib/TestNoRaceSelect4/prog1.go:16:7",
			"OpKind": 0,
			"LocksetJson": {
				"ExistingLocks": {},
				"ExistingUnlocks": {}
			},
			"State": {
				"GoroutineID": 2,
				"Clock": {
					"1": 5,
					"2": 7
				}
			}
		},
		{
			"ID": 12,
			"Pos": "github.com/amit-davidson/Chronos/e2e-tests/stdlib/TestNoRaceSelect4/prog1.go:16:7",
			"Value": "github.com/amit-davidson/Chronos/e2e-tests/stdlib/TestNoRaceSelect4/prog1.go:16:7",
			"OpKind": 0,
			"LocksetJson": {
				"ExistingLocks": {},
				"ExistingUnlocks": {}
			},
			"State": {
				"GoroutineID": 2,
				"Clock": {
					"1": 5,
					"2": 8
				}
			}
		},
		{
			"ID": 13,
			"Pos": "github.com/amit-davidson/Chronos/e2e-tests/stdlib/TestNoRaceSelect4/prog1.go:17:7",
			"Value": "github.com/amit-davidson/Chronos/e2e-tests/stdlib/TestNoRaceSelect4/prog1.go:17:7",
			"OpKind": 0,
			"LocksetJson": {
				"ExistingLocks": {},
				"ExistingUnlocks": {}
			},
			"State": {
				"GoroutineID": 2,
				"Clock": {
					"1": 5,
					"2": 9
				}
			}
		},
		{
			"ID": 14,
			"Pos": "github.com/amit-davidson/Chronos/e2e-tests/stdlib/TestNoRaceSelect4/prog1.go:17:7",
			"Value": "github.com/amit-davidson/Chronos/e2e-tests/stdlib/TestNoRaceSelect4/prog1.go:17:7",
			"OpKind": 0,
			"LocksetJson": {
				"ExistingLocks": {},
				"ExistingUnlocks": {}
			},
			"State": {
				"GoroutineID": 2,
				"Clock": {
					"1": 5,
					"2": 10
				}
			}
		},
		{
			"ID": 5,
			"Pos": "",
			"Value": "",
			"OpKind": 0,
			"LocksetJson": {
				"ExistingLocks": {},
				"ExistingUnlocks": {}
			},
			"State": {
				"GoroutineID": 2,
				"Clock": {
					"1": 5,
					"2": 1
				}
			}
		},
		{
			"ID": 15,
			"Pos": "github.com/amit-davidson/Chronos/e2e-tests/stdlib/TestNoRaceSelect4/prog1.go:25:8",
			"Value": "github.com/amit-davidson/Chronos/e2e-tests/stdlib/TestNoRaceSelect4/prog1.go:9:2",
			"OpKind": 0,
			"LocksetJson": {
				"ExistingLocks": {},
				"ExistingUnlocks": {}
			},
			"State": {
				"GoroutineID": 1,
				"Clock": {
					"1": 6
				}
			}
		},
		{
			"ID": 16,
			"Pos": "",
			"Value": "",
			"OpKind": 0,
			"LocksetJson": {
				"ExistingLocks": {},
				"ExistingUnlocks": {}
			},
			"State": {
				"GoroutineID": 1,
				"Clock": {
					"1": 7
				}
			}
		},
		{
			"ID": 17,
			"Pos": "",
			"Value": "",
			"OpKind": 0,
			"LocksetJson": {
				"ExistingLocks": {},
				"ExistingUnlocks": {}
			},
			"State": {
				"GoroutineID": 1,
				"Clock": {
					"1": 8
				}
			}
		},
		{
			"ID": 18,
			"Pos": "github.com/amit-davidson/Chronos/e2e-tests/stdlib/TestNoRaceSelect4/prog1.go:25:22",
			"Value": "github.com/amit-davidson/Chronos/e2e-tests/stdlib/TestNoRaceSelect4/prog1.go:22:15",
			"OpKind": 0,
			"LocksetJson": {
				"ExistingLocks": {},
				"ExistingUnlocks": {}
			},
			"State": {
				"GoroutineID": 1,
				"Clock": {
					"1": 9
				}
			}
		},
		{
			"ID": 19,
			"Pos": "github.com/amit-davidson/Chronos/e2e-tests/stdlib/TestNoRaceSelect4/prog1.go:25:22",
			"Value": "",
			"OpKind": 1,
			"LocksetJson": {
				"ExistingLocks": {},
				"ExistingUnlocks": {}
			},
			"State": {
				"GoroutineID": 1,
				"Clock": {
					"1": 10
				}
			}
		},
		{
			"ID": 20,
			"Pos": "github.com/amit-davidson/Chronos/e2e-tests/stdlib/TestNoRaceSelect4/prog1.go:25:25",
			"Value": "github.com/amit-davidson/Chronos/e2e-tests/stdlib/TestNoRaceSelect4/prog1.go:23:15",
			"OpKind": 0,
			"LocksetJson": {
				"ExistingLocks": {},
				"ExistingUnlocks": {}
			},
			"State": {
				"GoroutineID": 1,
				"Clock": {
					"1": 11
				}
			}
		},
		{
			"ID": 21,
			"Pos": "github.com/amit-davidson/Chronos/e2e-tests/stdlib/TestNoRaceSelect4/prog1.go:25:25",
			"Value": "",
			"OpKind": 1,
			"LocksetJson": {
				"ExistingLocks": {},
				"ExistingUnlocks": {}
			},
			"State": {
				"GoroutineID": 1,
				"Clock": {
					"1": 12
				}
			}
		},
		{
			"ID": 22,
			"Pos": "github.com/amit-davidson/Chronos/e2e-tests/stdlib/TestNoRaceSelect4/prog1.go:25:21",
			"Value": "github.com/amit-davidson/Chronos/e2e-tests/stdlib/TestNoRaceSelect4/prog1.go:25:21",
			"OpKind": 0,
			"LocksetJson": {
				"ExistingLocks": {},
				"ExistingUnlocks": {}
			},
			"State": {
				"GoroutineID": 1,
				"Clock": {
					"1": 13
				}
			}
		},
		{
			"ID": 23,
			"Pos": "github.com/amit-davidson/Chronos/e2e-tests/stdlib/TestNoRaceSelect4/prog1.go:26:10",
			"Value": "github.com/amit-davidson/Chronos/e2e-tests/stdlib/TestNoRaceSelect4/prog1.go:10:2",
			"OpKind": 0,
			"LocksetJson": {
				"ExistingLocks": {},
				"ExistingUnlocks": {}
			},
			"State": {
				"GoroutineID": 1,
				"Clock": {
					"1": 14
				}
			}
		},
		{
			"ID": 24,
			"Pos": "",
			"Value": "",
			"OpKind": 0,
			"LocksetJson": {
				"ExistingLocks": {},
				"ExistingUnlocks": {}
			},
			"State": {
				"GoroutineID": 1,
				"Clock": {
					"1": 15
				}
			}
		},
		{
			"ID": 25,
			"Pos": "",
			"Value": "",
			"OpKind": 0,
			"LocksetJson": {
				"ExistingLocks": {},
				"ExistingUnlocks": {}
			},
			"State": {
				"GoroutineID": 1,
				"Clock": {
					"1": 16
				}
			}
		},
		{
			"ID": 26,
			"Pos": "",
			"Value": "",
			"OpKind": 0,
			"LocksetJson": {
				"ExistingLocks": {},
				"ExistingUnlocks": {}
			},
			"State": {
				"GoroutineID": 1,
				"Clock": {
					"1": 17
				}
			}
		},
		{
			"ID": 27,
			"Pos": "github.com/amit-davidson/Chronos/e2e-tests/stdlib/TestNoRaceSelect4/prog1.go:30:10",
			"Value": "github.com/amit-davidson/Chronos/e2e-tests/stdlib/TestNoRaceSelect4/prog1.go:10:2",
			"OpKind": 0,
			"LocksetJson": {
				"ExistingLocks": {},
				"ExistingUnlocks": {}
			},
			"State": {
				"GoroutineID": 1,
				"Clock": {
					"1": 18
				}
			}
		},
		{
			"ID": 28,
			"Pos": "",
			"Value": "",
			"OpKind": 0,
			"LocksetJson": {
				"ExistingLocks": {},
				"ExistingUnlocks": {}
			},
			"State": {
				"GoroutineID": 1,
				"Clock": {
					"1": 19
				}
			}
		},
		{
			"ID": 29,
			"Pos": "",
			"Value": "",
			"OpKind": 0,
			"LocksetJson": {
				"ExistingLocks": {},
				"ExistingUnlocks": {}
			},
			"State": {
				"GoroutineID": 1,
				"Clock": {
					"1": 20
				}
			}
		},
		{
			"ID": 30,
			"Pos": "",
			"Value": "",
			"OpKind": 0,
			"LocksetJson": {
				"ExistingLocks": {},
				"ExistingUnlocks": {}
			},
			"State": {
				"GoroutineID": 1,
				"Clock": {
					"1": 21
				}
			}
		},
		{
			"ID": 31,
			"Pos": "",
			"Value": "",
			"OpKind": 0,
			"LocksetJson": {
				"ExistingLocks": {},
				"ExistingUnlocks": {}
			},
			"State": {
				"GoroutineID": 1,
				"Clock": {
					"1": 22
				}
			}
		},
		{
			"ID": 32,
			"Pos": "",
			"Value": "",
			"OpKind": 0,
			"LocksetJson": {
				"ExistingLocks": {},
				"ExistingUnlocks": {}
			},
			"State": {
				"GoroutineID": 1,
				"Clock": {
					"1": 23
				}
			}
		},
		{
			"ID": 33,
			"Pos": "",
			"Value": "",
			"OpKind": 0,
			"LocksetJson": {
				"ExistingLocks": {},
				"ExistingUnlocks": {}
			},
			"State": {
				"GoroutineID": 1,
				"Clock": {
					"1": 24
				}
			}
		},
		{
			"ID": 34,
			"Pos": "",
			"Value": "",
			"OpKind": 0,
			"LocksetJson": {
				"ExistingLocks": {},
				"ExistingUnlocks": {}
			},
			"State": {
				"GoroutineID": 1,
				"Clock": {
					"1": 25
				}
			}
		},
		{
			"ID": 35,
			"Pos": "",
			"Value": "",
			"OpKind": 0,
			"LocksetJson": {
				"ExistingLocks": {},
				"ExistingUnlocks": {}
			},
			"State": {
				"GoroutineID": 1,
				"Clock": {
					"1": 26
				}
			}
		},
		{
			"ID": 36,
			"Pos": "",
			"Value": "",
			"OpKind": 0,
			"LocksetJson": {
				"ExistingLocks": {},
				"ExistingUnlocks": {}
			},
			"State": {
				"GoroutineID": 1,
				"Clock": {
					"1": 27
				}
			}
		},
		{
			"ID": 37,
			"Pos": "",
			"Value": "",
			"OpKind": 0,
			"LocksetJson": {
				"ExistingLocks": {},
				"ExistingUnlocks": {}
			},
			"State": {
				"GoroutineID": 1,
				"Clock": {
					"1": 28
				}
			}
		},
		{
			"ID": 38,
			"Pos": "",
			"Value": "",
			"OpKind": 0,
			"LocksetJson": {
				"ExistingLocks": {},
				"ExistingUnlocks": {}
			},
			"State": {
				"GoroutineID": 1,
				"Clock": {
					"1": 29
				}
			}
		},
		{
			"ID": 39,
			"Pos": "github.com/amit-davidson/Chronos/e2e-tests/stdlib/TestNoRaceSelect4/prog1.go:38:6",
			"Value": "github.com/amit-davidson/Chronos/e2e-tests/stdlib/TestNoRaceSelect4/prog1.go:34:6",
			"OpKind": 0,
			"LocksetJson": {
				"ExistingLocks": {},
				"ExistingUnlocks": {}
			},
			"State": {
				"GoroutineID": 1,
				"Clock": {
					"1": 30
				}
			}
		}
	]
}