{
	"Lockset": {
		"ExistingLocks": {},
		"ExistingUnlocks": {}
	},
	"GuardedAccess": [
		{
			"ID": 1,
			"PosID": 1,
			"Pos": "github.com/amit-davidson/Chronos/e2e-tests/stdlib/TestRaceUnsafePtrRW/prog1.go:7:2",
			"Value": "",
			"OpKind": 0,
			"LocksetJson": {
				"ExistingLocks": {},
				"ExistingUnlocks": {}
			},
			"State": {
				"GoroutineID": 1,
				"Clock": {
					"1": 1
				}
			}
		},
		{
			"ID": 2,
			"PosID": 2,
			"Pos": "github.com/amit-davidson/Chronos/e2e-tests/stdlib/TestRaceUnsafePtrRW/prog1.go:7:2",
			"Value": "github.com/amit-davidson/Chronos/e2e-tests/stdlib/TestRaceUnsafePtrRW/prog1.go:6:6",
			"OpKind": 1,
			"LocksetJson": {
				"ExistingLocks": {},
				"ExistingUnlocks": {}
			},
			"State": {
				"GoroutineID": 1,
				"Clock": {
					"1": 2
				}
			}
		},
		{
			"ID": 3,
			"PosID": 3,
			"Pos": "github.com/amit-davidson/Chronos/e2e-tests/stdlib/TestRaceUnsafePtrRW/prog1.go:7:8",
			"Value": "",
			"OpKind": 0,
			"LocksetJson": {
				"ExistingLocks": {},
				"ExistingUnlocks": {}
			},
			"State": {
				"GoroutineID": 1,
				"Clock": {
					"1": 3
				}
			}
		},
		{
			"ID": 4,
			"PosID": 4,
			"Pos": "github.com/amit-davidson/Chronos/e2e-tests/stdlib/TestRaceUnsafePtrRW/prog1.go:7:8",
			"Value": "github.com/amit-davidson/Chronos/e2e-tests/stdlib/TestRaceUnsafePtrRW/prog1.go:6:12",
			"OpKind": 1,
			"LocksetJson": {
				"ExistingLocks": {},
				"ExistingUnlocks": {}
			},
			"State": {
				"GoroutineID": 1,
				"Clock": {
					"1": 4
				}
			}
		},
		{
			"ID": 5,
			"PosID": 5,
			"Pos": "github.com/amit-davidson/Chronos/e2e-tests/stdlib/TestRaceUnsafePtrRW/prog1.go:8:6",
			"Value": "github.com/amit-davidson/Chronos/e2e-tests/stdlib/TestRaceUnsafePtrRW/prog1.go:8:39",
			"OpKind": 0,
			"LocksetJson": {
				"ExistingLocks": {},
				"ExistingUnlocks": {}
			},
			"State": {
				"GoroutineID": 1,
				"Clock": {
					"1": 5
				}
			}
		},
		{
			"ID": 6,
			"PosID": 6,
			"Pos": "github.com/amit-davidson/Chronos/e2e-tests/stdlib/TestRaceUnsafePtrRW/prog1.go:8:6",
			"Value": "github.com/amit-davidson/Chronos/e2e-tests/stdlib/TestRaceUnsafePtrRW/prog1.go:8:6",
			"OpKind": 1,
			"LocksetJson": {
				"ExistingLocks": {},
				"ExistingUnlocks": {}
			},
			"State": {
				"GoroutineID": 1,
				"Clock": {
					"1": 6
				}
			}
		},
		{
			"ID": 7,
			"PosID": 7,
			"Pos": "github.com/amit-davidson/Chronos/e2e-tests/stdlib/TestRaceUnsafePtrRW/prog1.go:9:2",
			"Value": "github.com/amit-davidson/Chronos/e2e-tests/stdlib/TestRaceUnsafePtrRW/prog1.go:9:12",
			"OpKind": 0,
			"LocksetJson": {
				"ExistingLocks": {},
				"ExistingUnlocks": {}
			},
			"State": {
				"GoroutineID": 1,
				"Clock": {
					"1": 7
				}
			}
		},
		{
			"ID": 8,
			"PosID": 8,
			"Pos": "github.com/amit-davidson/Chronos/e2e-tests/stdlib/TestRaceUnsafePtrRW/prog1.go:9:2",
			"Value": "github.com/amit-davidson/Chronos/e2e-tests/stdlib/TestRaceUnsafePtrRW/prog1.go:9:2",
			"OpKind": 1,
			"LocksetJson": {
				"ExistingLocks": {},
				"ExistingUnlocks": {}
			},
			"State": {
				"GoroutineID": 1,
				"Clock": {
					"1": 8
				}
			}
		},
		{
			"ID": 9,
			"PosID": 9,
			"Pos": "github.com/amit-davidson/Chronos/e2e-tests/stdlib/TestRaceUnsafePtrRW/prog1.go:11:3",
			"Value": "github.com/amit-davidson/Chronos/e2e-tests/stdlib/TestRaceUnsafePtrRW/prog1.go:11:23",
			"OpKind": 0,
			"LocksetJson": {
				"ExistingLocks": {},
				"ExistingUnlocks": {}
			},
			"State": {
				"GoroutineID": 2,
				"Clock": {
					"1": 9,
					"2": 1
				}
			}
		},
		{
			"ID": 10,
			"PosID": 10,
			"Pos": "github.com/amit-davidson/Chronos/e2e-tests/stdlib/TestRaceUnsafePtrRW/prog1.go:11:3",
			"Value": "github.com/amit-davidson/Chronos/e2e-tests/stdlib/TestRaceUnsafePtrRW/prog1.go:8:6",
			"OpKind": 1,
			"LocksetJson": {
				"ExistingLocks": {},
				"ExistingUnlocks": {}
			},
			"State": {
				"GoroutineID": 2,
				"Clock": {
					"1": 9,
					"2": 2
				}
			}
		},
		{
			"ID": 11,
			"PosID": 11,
			"Pos": "github.com/amit-davidson/Chronos/e2e-tests/stdlib/TestRaceUnsafePtrRW/prog1.go:12:3",
			"Value": "github.com/amit-davidson/Chronos/e2e-tests/stdlib/TestRaceUnsafePtrRW/prog1.go:9:2",
			"OpKind": 0,
			"LocksetJson": {
				"ExistingLocks": {},
				"ExistingUnlocks": {}
			},
			"State": {
				"GoroutineID": 2,
				"Clock": {
					"1": 9,
					"2": 3
				}
			}
		},
		{
			"ID": 12,
			"PosID": 12,
			"Pos": "github.com/amit-davidson/Chronos/e2e-tests/stdlib/TestRaceUnsafePtrRW/prog1.go:14:14",
			"Value": "github.com/amit-davidson/Chronos/e2e-tests/stdlib/TestRaceUnsafePtrRW/prog1.go:8:6",
			"OpKind": 0,
			"LocksetJson": {
				"ExistingLocks": {},
				"ExistingUnlocks": {}
			},
			"State": {
				"GoroutineID": 1,
				"Clock": {
					"1": 10
				}
			}
		},
		{
			"ID": 13,
			"PosID": 13,
			"Pos": "github.com/amit-davidson/Chronos/e2e-tests/stdlib/TestRaceUnsafePtrRW/prog1.go:14:6",
			"Value": "github.com/amit-davidson/Chronos/e2e-tests/stdlib/TestRaceUnsafePtrRW/prog1.go:14:13",
			"OpKind": 0,
			"LocksetJson": {
				"ExistingLocks": {},
				"ExistingUnlocks": {}
			},
			"State": {
				"GoroutineID": 1,
				"Clock": {
					"1": 11
				}
			}
		},
		{
			"ID": 14,
			"PosID": 14,
			"Pos": "github.com/amit-davidson/Chronos/e2e-tests/stdlib/TestRaceUnsafePtrRW/prog1.go:15:2",
			"Value": "github.com/amit-davidson/Chronos/e2e-tests/stdlib/TestRaceUnsafePtrRW/prog1.go:14:6",
			"OpKind": 0,
			"LocksetJson": {
				"ExistingLocks": {},
				"ExistingUnlocks": {}
			},
			"State": {
				"GoroutineID": 1,
				"Clock": {
					"1": 12
				}
			}
		},
		{
			"ID": 15,
			"PosID": 15,
			"Pos": "github.com/amit-davidson/Chronos/e2e-tests/stdlib/TestRaceUnsafePtrRW/prog1.go:15:2",
			"Value": "github.com/amit-davidson/Chronos/e2e-tests/stdlib/TestRaceUnsafePtrRW/prog1.go:6:6",
			"OpKind": 1,
			"LocksetJson": {
				"ExistingLocks": {},
				"ExistingUnlocks": {}
			},
			"State": {
				"GoroutineID": 1,
				"Clock": {
					"1": 13
				}
			}
		},
		{
			"ID": 16,
			"PosID": 16,
			"Pos": "github.com/amit-davidson/Chronos/e2e-tests/stdlib/TestRaceUnsafePtrRW/prog1.go:16:4",
			"Value": "github.com/amit-davidson/Chronos/e2e-tests/stdlib/TestRaceUnsafePtrRW/prog1.go:9:2",
			"OpKind": 0,
			"LocksetJson": {
				"ExistingLocks": {},
				"ExistingUnlocks": {}
			},
			"State": {
				"GoroutineID": 1,
				"Clock": {
					"1": 14
				}
			}
		},
		{
			"ID": 17,
			"PosID": 17,
			"Pos": "github.com/amit-davidson/Chronos/e2e-tests/stdlib/TestRaceUnsafePtrRW/prog1.go:16:2",
			"Value": "github.com/amit-davidson/Chronos/e2e-tests/stdlib/TestRaceUnsafePtrRW/prog1.go:16:4",
			"OpKind": 0,
			"LocksetJson": {
				"ExistingLocks": {},
				"ExistingUnlocks": {}
			},
			"State": {
				"GoroutineID": 1,
				"Clock": {
					"1": 15
				}
			}
		}
	]
}