{
	"Lockset": {
		"ExistingLocks": {},
		"ExistingUnlocks": {}
	},
	"GuardedAccess": [
		{
			"ID": 1,
			"PosID": 1,
			"Pos": "github.com/amit-davidson/Chronos/e2e-tests/pointerAnalysis/DataRaceInterfaceOverChannel/prog1.go:26:2",
			"Value": "github.com/amit-davidson/Chronos/e2e-tests/pointerAnalysis/DataRaceInterfaceOverChannel/prog1.go:22:5",
			"OpKind": 0,
			"LocksetJson": {
				"ExistingLocks": {},
				"ExistingUnlocks": {}
			},
			"State": {
				"GoroutineID": 1,
				"Clock": {
					"1": 1
				}
			}
		},
		{
			"ID": 2,
			"PosID": 2,
			"Pos": "github.com/amit-davidson/Chronos/e2e-tests/pointerAnalysis/DataRaceInterfaceOverChannel/prog1.go:18:12",
			"Value": "github.com/amit-davidson/Chronos/e2e-tests/pointerAnalysis/DataRaceInterfaceOverChannel/prog1.go:22:5",
			"OpKind": 0,
			"LocksetJson": {
				"ExistingLocks": {},
				"ExistingUnlocks": {}
			},
			"State": {
				"GoroutineID": 2,
				"Clock": {
					"1": 2,
					"2": 1
				}
			}
		},
		{
			"ID": 3,
			"PosID": 3,
			"Pos": "github.com/amit-davidson/Chronos/e2e-tests/pointerAnalysis/DataRaceInterfaceOverChannel/prog1.go:18:10",
			"Value": "github.com/amit-davidson/Chronos/e2e-tests/pointerAnalysis/DataRaceInterfaceOverChannel/prog1.go:18:12",
			"OpKind": 0,
			"LocksetJson": {
				"ExistingLocks": {},
				"ExistingUnlocks": {}
			},
			"State": {
				"GoroutineID": 2,
				"Clock": {
					"1": 2,
					"2": 2
				}
			}
		},
		{
			"ID": 4,
			"PosID": 4,
			"Pos": "github.com/amit-davidson/Chronos/e2e-tests/pointerAnalysis/DataRaceInterfaceOverChannel/prog1.go:13:4",
			"Value": "github.com/amit-davidson/Chronos/e2e-tests/pointerAnalysis/DataRaceInterfaceOverChannel/prog1.go:13:4",
			"OpKind": 0,
			"LocksetJson": {
				"ExistingLocks": {},
				"ExistingUnlocks": {}
			},
			"State": {
				"GoroutineID": 2,
				"Clock": {
					"1": 2,
					"2": 3
				}
			}
		},
		{
			"ID": 5,
			"PosID": 5,
			"Pos": "github.com/amit-davidson/Chronos/e2e-tests/pointerAnalysis/DataRaceInterfaceOverChannel/prog1.go:13:4",
			"Value": "",
			"OpKind": 0,
			"LocksetJson": {
				"ExistingLocks": {},
				"ExistingUnlocks": {}
			},
			"State": {
				"GoroutineID": 2,
				"Clock": {
					"1": 2,
					"2": 4
				}
			}
		},
		{
			"ID": 6,
			"PosID": 6,
			"Pos": "github.com/amit-davidson/Chronos/e2e-tests/pointerAnalysis/DataRaceInterfaceOverChannel/prog1.go:13:4",
			"Value": "github.com/amit-davidson/Chronos/e2e-tests/pointerAnalysis/DataRaceInterfaceOverChannel/prog1.go:13:4",
			"OpKind": 1,
			"LocksetJson": {
				"ExistingLocks": {},
				"ExistingUnlocks": {}
			},
			"State": {
				"GoroutineID": 2,
				"Clock": {
					"1": 2,
					"2": 5
				}
			}
		},
		{
			"ID": 7,
			"PosID": 7,
			"Pos": "github.com/amit-davidson/Chronos/e2e-tests/pointerAnalysis/DataRaceInterfaceOverChannel/prog1.go:28:8",
			"Value": "github.com/amit-davidson/Chronos/e2e-tests/pointerAnalysis/DataRaceInterfaceOverChannel/prog1.go:28:8",
			"OpKind": 0,
			"LocksetJson": {
				"ExistingLocks": {},
				"ExistingUnlocks": {}
			},
			"State": {
				"GoroutineID": 1,
				"Clock": {
					"1": 3
				}
			}
		},
		{
			"ID": 8,
			"PosID": 8,
			"Pos": "github.com/amit-davidson/Chronos/e2e-tests/pointerAnalysis/DataRaceInterfaceOverChannel/prog1.go:28:8",
			"Value": "",
			"OpKind": 0,
			"LocksetJson": {
				"ExistingLocks": {},
				"ExistingUnlocks": {}
			},
			"State": {
				"GoroutineID": 1,
				"Clock": {
					"1": 4
				}
			}
		},
		{
			"ID": 9,
			"PosID": 9,
			"Pos": "github.com/amit-davidson/Chronos/e2e-tests/pointerAnalysis/DataRaceInterfaceOverChannel/prog1.go:28:8",
			"Value": "github.com/amit-davidson/Chronos/e2e-tests/pointerAnalysis/DataRaceInterfaceOverChannel/prog1.go:28:8",
			"OpKind": 1,
			"LocksetJson": {
				"ExistingLocks": {},
				"ExistingUnlocks": {}
			},
			"State": {
				"GoroutineID": 1,
				"Clock": {
					"1": 5
				}
			}
		}
	]
}