{
	"Lockset": {
		"ExistingLocks": {},
		"ExistingUnlocks": {}
	},
	"GuardedAccess": [
		{
			"ID": 1,
			"PosID": 1,
			"Pos": "github.com/amit-davidson/Chronos/e2e-tests/stdlib/TestRaceCaseFallthrough/prog1.go:5:6",
			"Value": "github.com/amit-davidson/Chronos/e2e-tests/stdlib/TestRaceCaseFallthrough/prog1.go:4:9",
			"OpKind": 0,
			"LocksetJson": {
				"ExistingLocks": {},
				"ExistingUnlocks": {}
			},
			"State": {
				"GoroutineID": 1,
				"Clock": {
					"1": 1
				}
			}
		},
		{
			"ID": 2,
			"PosID": 2,
			"Pos": "github.com/amit-davidson/Chronos/e2e-tests/stdlib/TestRaceCaseFallthrough/prog1.go:6:2",
			"Value": "github.com/amit-davidson/Chronos/e2e-tests/stdlib/TestRaceCaseFallthrough/prog1.go:6:12",
			"OpKind": 0,
			"LocksetJson": {
				"ExistingLocks": {},
				"ExistingUnlocks": {}
			},
			"State": {
				"GoroutineID": 1,
				"Clock": {
					"1": 2
				}
			}
		},
		{
			"ID": 3,
			"PosID": 3,
			"Pos": "github.com/amit-davidson/Chronos/e2e-tests/stdlib/TestRaceCaseFallthrough/prog1.go:6:2",
			"Value": "github.com/amit-davidson/Chronos/e2e-tests/stdlib/TestRaceCaseFallthrough/prog1.go:6:2",
			"OpKind": 1,
			"LocksetJson": {
				"ExistingLocks": {},
				"ExistingUnlocks": {}
			},
			"State": {
				"GoroutineID": 1,
				"Clock": {
					"1": 3
				}
			}
		},
		{
			"ID": 4,
			"PosID": 4,
			"Pos": "github.com/amit-davidson/Chronos/e2e-tests/stdlib/TestRaceCaseFallthrough/prog1.go:7:2",
			"Value": "",
			"OpKind": 0,
			"LocksetJson": {
				"ExistingLocks": {},
				"ExistingUnlocks": {}
			},
			"State": {
				"GoroutineID": 1,
				"Clock": {
					"1": 4
				}
			}
		},
		{
			"ID": 5,
			"PosID": 5,
			"Pos": "github.com/amit-davidson/Chronos/e2e-tests/stdlib/TestRaceCaseFallthrough/prog1.go:7:2",
			"Value": "github.com/amit-davidson/Chronos/e2e-tests/stdlib/TestRaceCaseFallthrough/prog1.go:4:12",
			"OpKind": 1,
			"LocksetJson": {
				"ExistingLocks": {},
				"ExistingUnlocks": {}
			},
			"State": {
				"GoroutineID": 1,
				"Clock": {
					"1": 5
				}
			}
		},
		{
			"ID": 6,
			"PosID": 6,
			"Pos": "github.com/amit-davidson/Chronos/e2e-tests/stdlib/TestRaceCaseFallthrough/prog1.go:10:7",
			"Value": "github.com/amit-davidson/Chronos/e2e-tests/stdlib/TestRaceCaseFallthrough/prog1.go:4:6",
			"OpKind": 0,
			"LocksetJson": {
				"ExistingLocks": {},
				"ExistingUnlocks": {}
			},
			"State": {
				"GoroutineID": 2,
				"Clock": {
					"1": 6,
					"2": 1
				}
			}
		},
		{
			"ID": 7,
			"PosID": 7,
			"Pos": "github.com/amit-davidson/Chronos/e2e-tests/stdlib/TestRaceCaseFallthrough/prog1.go:10:3",
			"Value": "github.com/amit-davidson/Chronos/e2e-tests/stdlib/TestRaceCaseFallthrough/prog1.go:10:7",
			"OpKind": 0,
			"LocksetJson": {
				"ExistingLocks": {},
				"ExistingUnlocks": {}
			},
			"State": {
				"GoroutineID": 2,
				"Clock": {
					"1": 6,
					"2": 2
				}
			}
		},
		{
			"ID": 8,
			"PosID": 8,
			"Pos": "github.com/amit-davidson/Chronos/e2e-tests/stdlib/TestRaceCaseFallthrough/prog1.go:10:3",
			"Value": "github.com/amit-davidson/Chronos/e2e-tests/stdlib/TestRaceCaseFallthrough/prog1.go:4:9",
			"OpKind": 1,
			"LocksetJson": {
				"ExistingLocks": {},
				"ExistingUnlocks": {}
			},
			"State": {
				"GoroutineID": 2,
				"Clock": {
					"1": 6,
					"2": 3
				}
			}
		},
		{
			"ID": 9,
			"PosID": 9,
			"Pos": "github.com/amit-davidson/Chronos/e2e-tests/stdlib/TestRaceCaseFallthrough/prog1.go:11:3",
			"Value": "github.com/amit-davidson/Chronos/e2e-tests/stdlib/TestRaceCaseFallthrough/prog1.go:6:2",
			"OpKind": 0,
			"LocksetJson": {
				"ExistingLocks": {},
				"ExistingUnlocks": {}
			},
			"State": {
				"GoroutineID": 2,
				"Clock": {
					"1": 6,
					"2": 4
				}
			}
		},
		{
			"ID": 10,
			"PosID": 10,
			"Pos": "github.com/amit-davidson/Chronos/e2e-tests/stdlib/TestRaceCaseFallthrough/prog1.go:15:8",
			"Value": "github.com/amit-davidson/Chronos/e2e-tests/stdlib/TestRaceCaseFallthrough/prog1.go:4:12",
			"OpKind": 0,
			"LocksetJson": {
				"ExistingLocks": {},
				"ExistingUnlocks": {}
			},
			"State": {
				"GoroutineID": 3,
				"Clock": {
					"1": 7,
					"3": 1
				}
			}
		},
		{
			"ID": 11,
			"PosID": 11,
			"Pos": "github.com/amit-davidson/Chronos/e2e-tests/stdlib/TestRaceCaseFallthrough/prog1.go:15:10",
			"Value": "github.com/amit-davidson/Chronos/e2e-tests/stdlib/TestRaceCaseFallthrough/prog1.go:15:8",
			"OpKind": 0,
			"LocksetJson": {
				"ExistingLocks": {},
				"ExistingUnlocks": {}
			},
			"State": {
				"GoroutineID": 3,
				"Clock": {
					"1": 7,
					"3": 2
				}
			}
		},
		{
			"ID": 12,
			"PosID": 12,
			"Pos": "github.com/amit-davidson/Chronos/e2e-tests/stdlib/TestRaceCaseFallthrough/prog1.go:15:10",
			"Value": "",
			"OpKind": 0,
			"LocksetJson": {
				"ExistingLocks": {},
				"ExistingUnlocks": {}
			},
			"State": {
				"GoroutineID": 3,
				"Clock": {
					"1": 7,
					"3": 3
				}
			}
		},
		{
			"ID": 13,
			"PosID": 13,
			"Pos": "",
			"Value": "github.com/amit-davidson/Chronos/e2e-tests/stdlib/TestRaceCaseFallthrough/prog1.go:15:10",
			"OpKind": 0,
			"LocksetJson": {
				"ExistingLocks": {},
				"ExistingUnlocks": {}
			},
			"State": {
				"GoroutineID": 3,
				"Clock": {
					"1": 7,
					"3": 4
				}
			}
		},
		{
			"ID": 14,
			"PosID": 14,
			"Pos": "github.com/amit-davidson/Chronos/e2e-tests/stdlib/TestRaceCaseFallthrough/prog1.go:20:3",
			"Value": "github.com/amit-davidson/Chronos/e2e-tests/stdlib/TestRaceCaseFallthrough/prog1.go:6:2",
			"OpKind": 0,
			"LocksetJson": {
				"ExistingLocks": {},
				"ExistingUnlocks": {}
			},
			"State": {
				"GoroutineID": 3,
				"Clock": {
					"1": 7,
					"3": 5
				}
			}
		},
		{
			"ID": 15,
			"PosID": 15,
			"Pos": "github.com/amit-davidson/Chronos/e2e-tests/stdlib/TestRaceCaseFallthrough/prog1.go:18:4",
			"Value": "",
			"OpKind": 0,
			"LocksetJson": {
				"ExistingLocks": {},
				"ExistingUnlocks": {}
			},
			"State": {
				"GoroutineID": 3,
				"Clock": {
					"1": 7,
					"3": 6
				}
			}
		},
		{
			"ID": 16,
			"PosID": 16,
			"Pos": "github.com/amit-davidson/Chronos/e2e-tests/stdlib/TestRaceCaseFallthrough/prog1.go:18:4",
			"Value": "github.com/amit-davidson/Chronos/e2e-tests/stdlib/TestRaceCaseFallthrough/prog1.go:4:6",
			"OpKind": 1,
			"LocksetJson": {
				"ExistingLocks": {},
				"ExistingUnlocks": {}
			},
			"State": {
				"GoroutineID": 3,
				"Clock": {
					"1": 7,
					"3": 7
				}
			}
		},
		{
			"ID": 17,
			"PosID": 17,
			"Pos": "github.com/amit-davidson/Chronos/e2e-tests/stdlib/TestRaceCaseFallthrough/prog1.go:17:8",
			"Value": "github.com/amit-davidson/Chronos/e2e-tests/stdlib/TestRaceCaseFallthrough/prog1.go:4:12",
			"OpKind": 0,
			"LocksetJson": {
				"ExistingLocks": {},
				"ExistingUnlocks": {}
			},
			"State": {
				"GoroutineID": 3,
				"Clock": {
					"1": 7,
					"3": 8
				}
			}
		},
		{
			"ID": 18,
			"PosID": 18,
			"Pos": "github.com/amit-davidson/Chronos/e2e-tests/stdlib/TestRaceCaseFallthrough/prog1.go:17:10",
			"Value": "github.com/amit-davidson/Chronos/e2e-tests/stdlib/TestRaceCaseFallthrough/prog1.go:17:8",
			"OpKind": 0,
			"LocksetJson": {
				"ExistingLocks": {},
				"ExistingUnlocks": {}
			},
			"State": {
				"GoroutineID": 3,
				"Clock": {
					"1": 7,
					"3": 9
				}
			}
		},
		{
			"ID": 19,
			"PosID": 19,
			"Pos": "github.com/amit-davidson/Chronos/e2e-tests/stdlib/TestRaceCaseFallthrough/prog1.go:17:10",
			"Value": "",
			"OpKind": 0,
			"LocksetJson": {
				"ExistingLocks": {},
				"ExistingUnlocks": {}
			},
			"State": {
				"GoroutineID": 3,
				"Clock": {
					"1": 7,
					"3": 10
				}
			}
		},
		{
			"ID": 20,
			"PosID": 20,
			"Pos": "",
			"Value": "github.com/amit-davidson/Chronos/e2e-tests/stdlib/TestRaceCaseFallthrough/prog1.go:17:10",
			"OpKind": 0,
			"LocksetJson": {
				"ExistingLocks": {},
				"ExistingUnlocks": {}
			},
			"State": {
				"GoroutineID": 3,
				"Clock": {
					"1": 7,
					"3": 11
				}
			}
		},
		{
			"ID": 21,
			"PosID": 21,
			"Pos": "github.com/amit-davidson/Chronos/e2e-tests/stdlib/TestRaceCaseFallthrough/prog1.go:23:4",
			"Value": "github.com/amit-davidson/Chronos/e2e-tests/stdlib/TestRaceCaseFallthrough/prog1.go:6:2",
			"OpKind": 0,
			"LocksetJson": {
				"ExistingLocks": {},
				"ExistingUnlocks": {}
			},
			"State": {
				"GoroutineID": 1,
				"Clock": {
					"1": 8
				}
			}
		},
		{
			"ID": 22,
			"PosID": 22,
			"Pos": "github.com/amit-davidson/Chronos/e2e-tests/stdlib/TestRaceCaseFallthrough/prog1.go:23:2",
			"Value": "github.com/amit-davidson/Chronos/e2e-tests/stdlib/TestRaceCaseFallthrough/prog1.go:23:4",
			"OpKind": 0,
			"LocksetJson": {
				"ExistingLocks": {},
				"ExistingUnlocks": {}
			},
			"State": {
				"GoroutineID": 1,
				"Clock": {
					"1": 9
				}
			}
		},
		{
			"ID": 23,
			"PosID": 23,
			"Pos": "github.com/amit-davidson/Chronos/e2e-tests/stdlib/TestRaceCaseFallthrough/prog1.go:24:4",
			"Value": "github.com/amit-davidson/Chronos/e2e-tests/stdlib/TestRaceCaseFallthrough/prog1.go:6:2",
			"OpKind": 0,
			"LocksetJson": {
				"ExistingLocks": {},
				"ExistingUnlocks": {}
			},
			"State": {
				"GoroutineID": 1,
				"Clock": {
					"1": 10
				}
			}
		},
		{
			"ID": 24,
			"PosID": 24,
			"Pos": "github.com/amit-davidson/Chronos/e2e-tests/stdlib/TestRaceCaseFallthrough/prog1.go:24:2",
			"Value": "github.com/amit-davidson/Chronos/e2e-tests/stdlib/TestRaceCaseFallthrough/prog1.go:24:4",
			"OpKind": 0,
			"LocksetJson": {
				"ExistingLocks": {},
				"ExistingUnlocks": {}
			},
			"State": {
				"GoroutineID": 1,
				"Clock": {
					"1": 11
				}
			}
		}
	]
}