{
	"Lockset": {
		"ExistingLocks": {},
		"ExistingUnlocks": {
			"github.com/amit-davidson/Chronos/e2e-tests/locksAndUnlocks/LockAndUnlockIfMap/prog1.go:11:2": "github.com/amit-davidson/Chronos/e2e-tests/locksAndUnlocks/LockAndUnlockIfMap/prog1.go:19:15"
		}
	},
	"GuardedAccess": [
		{
			"ID": 1,
			"PosID": 1,
			"Pos": "github.com/amit-davidson/Chronos/e2e-tests/locksAndUnlocks/LockAndUnlockIfMap/prog1.go:12:16",
			"Value": "github.com/amit-davidson/Chronos/e2e-tests/locksAndUnlocks/LockAndUnlockIfMap/prog1.go:12:13",
			"OpKind": 0,
			"LocksetJson": {
				"ExistingLocks": {},
				"ExistingUnlocks": {}
			},
			"State": {
				"GoroutineID": 1,
				"Clock": {
					"1": 1
				}
			}
		},
		{
			"ID": 2,
			"PosID": 2,
			"Pos": "github.com/amit-davidson/Chronos/e2e-tests/locksAndUnlocks/LockAndUnlockIfMap/prog1.go:12:16",
			"Value": "",
			"OpKind": 0,
			"LocksetJson": {
				"ExistingLocks": {},
				"ExistingUnlocks": {}
			},
			"State": {
				"GoroutineID": 1,
				"Clock": {
					"1": 2
				}
			}
		},
		{
			"ID": 3,
			"PosID": 3,
			"Pos": "",
			"Value": "github.com/amit-davidson/Chronos/e2e-tests/locksAndUnlocks/LockAndUnlockIfMap/prog1.go:12:16",
			"OpKind": 0,
			"LocksetJson": {
				"ExistingLocks": {},
				"ExistingUnlocks": {}
			},
			"State": {
				"GoroutineID": 1,
				"Clock": {
					"1": 3
				}
			}
		},
		{
			"ID": 4,
			"PosID": 4,
			"Pos": "github.com/amit-davidson/Chronos/e2e-tests/locksAndUnlocks/LockAndUnlockIfMap/prog1.go:15:2",
			"Value": "github.com/amit-davidson/Chronos/e2e-tests/locksAndUnlocks/LockAndUnlockIfMap/prog1.go:8:5",
			"OpKind": 0,
			"LocksetJson": {
				"ExistingLocks": {
					"github.com/amit-davidson/Chronos/e2e-tests/locksAndUnlocks/LockAndUnlockIfMap/prog1.go:11:2": "github.com/amit-davidson/Chronos/e2e-tests/locksAndUnlocks/LockAndUnlockIfMap/prog1.go:13:13"
				},
				"ExistingUnlocks": {}
			},
			"State": {
				"GoroutineID": 1,
				"Clock": {
					"1": 4
				}
			}
		},
		{
			"ID": 5,
			"PosID": 5,
			"Pos": "github.com/amit-davidson/Chronos/e2e-tests/locksAndUnlocks/LockAndUnlockIfMap/prog1.go:15:3",
			"Value": "github.com/amit-davidson/Chronos/e2e-tests/locksAndUnlocks/LockAndUnlockIfMap/prog1.go:15:2",
			"OpKind": 1,
			"LocksetJson": {
				"ExistingLocks": {
					"github.com/amit-davidson/Chronos/e2e-tests/locksAndUnlocks/LockAndUnlockIfMap/prog1.go:11:2": "github.com/amit-davidson/Chronos/e2e-tests/locksAndUnlocks/LockAndUnlockIfMap/prog1.go:13:13"
				},
				"ExistingUnlocks": {}
			},
			"State": {
				"GoroutineID": 1,
				"Clock": {
					"1": 5
				}
			}
		},
		{
			"ID": 6,
			"PosID": 6,
			"Pos": "github.com/amit-davidson/Chronos/e2e-tests/locksAndUnlocks/LockAndUnlockIfMap/prog1.go:15:3",
			"Value": "",
			"OpKind": 0,
			"LocksetJson": {
				"ExistingLocks": {
					"github.com/amit-davidson/Chronos/e2e-tests/locksAndUnlocks/LockAndUnlockIfMap/prog1.go:11:2": "github.com/amit-davidson/Chronos/e2e-tests/locksAndUnlocks/LockAndUnlockIfMap/prog1.go:13:13"
				},
				"ExistingUnlocks": {}
			},
			"State": {
				"GoroutineID": 1,
				"Clock": {
					"1": 6
				}
			}
		},
		{
			"ID": 7,
			"PosID": 7,
			"Pos": "github.com/amit-davidson/Chronos/e2e-tests/locksAndUnlocks/LockAndUnlockIfMap/prog1.go:16:9",
			"Value": "github.com/amit-davidson/Chronos/e2e-tests/locksAndUnlocks/LockAndUnlockIfMap/prog1.go:8:5",
			"OpKind": 0,
			"LocksetJson": {
				"ExistingLocks": {
					"github.com/amit-davidson/Chronos/e2e-tests/locksAndUnlocks/LockAndUnlockIfMap/prog1.go:11:2": "github.com/amit-davidson/Chronos/e2e-tests/locksAndUnlocks/LockAndUnlockIfMap/prog1.go:13:13"
				},
				"ExistingUnlocks": {}
			},
			"State": {
				"GoroutineID": 1,
				"Clock": {
					"1": 7
				}
			}
		},
		{
			"ID": 8,
			"PosID": 8,
			"Pos": "github.com/amit-davidson/Chronos/e2e-tests/locksAndUnlocks/LockAndUnlockIfMap/prog1.go:16:10",
			"Value": "github.com/amit-davidson/Chronos/e2e-tests/locksAndUnlocks/LockAndUnlockIfMap/prog1.go:16:9",
			"OpKind": 0,
			"LocksetJson": {
				"ExistingLocks": {
					"github.com/amit-davidson/Chronos/e2e-tests/locksAndUnlocks/LockAndUnlockIfMap/prog1.go:11:2": "github.com/amit-davidson/Chronos/e2e-tests/locksAndUnlocks/LockAndUnlockIfMap/prog1.go:13:13"
				},
				"ExistingUnlocks": {}
			},
			"State": {
				"GoroutineID": 1,
				"Clock": {
					"1": 8
				}
			}
		},
		{
			"ID": 9,
			"PosID": 9,
			"Pos": "github.com/amit-davidson/Chronos/e2e-tests/locksAndUnlocks/LockAndUnlockIfMap/prog1.go:17:6",
			"Value": "github.com/amit-davidson/Chronos/e2e-tests/locksAndUnlocks/LockAndUnlockIfMap/prog1.go:16:10",
			"OpKind": 0,
			"LocksetJson": {
				"ExistingLocks": {
					"github.com/amit-davidson/Chronos/e2e-tests/locksAndUnlocks/LockAndUnlockIfMap/prog1.go:11:2": "github.com/amit-davidson/Chronos/e2e-tests/locksAndUnlocks/LockAndUnlockIfMap/prog1.go:13:13"
				},
				"ExistingUnlocks": {}
			},
			"State": {
				"GoroutineID": 1,
				"Clock": {
					"1": 9
				}
			}
		},
		{
			"ID": 10,
			"PosID": 10,
			"Pos": "github.com/amit-davidson/Chronos/e2e-tests/locksAndUnlocks/LockAndUnlockIfMap/prog1.go:17:30",
			"Value": "github.com/amit-davidson/Chronos/e2e-tests/locksAndUnlocks/LockAndUnlockIfMap/prog1.go:17:6",
			"OpKind": 1,
			"LocksetJson": {
				"ExistingLocks": {
					"github.com/amit-davidson/Chronos/e2e-tests/locksAndUnlocks/LockAndUnlockIfMap/prog1.go:11:2": "github.com/amit-davidson/Chronos/e2e-tests/locksAndUnlocks/LockAndUnlockIfMap/prog1.go:13:13"
				},
				"ExistingUnlocks": {}
			},
			"State": {
				"GoroutineID": 1,
				"Clock": {
					"1": 10
				}
			}
		},
		{
			"ID": 11,
			"PosID": 11,
			"Pos": "github.com/amit-davidson/Chronos/e2e-tests/locksAndUnlocks/LockAndUnlockIfMap/prog1.go:17:30",
			"Value": "",
			"OpKind": 0,
			"LocksetJson": {
				"ExistingLocks": {
					"github.com/amit-davidson/Chronos/e2e-tests/locksAndUnlocks/LockAndUnlockIfMap/prog1.go:11:2": "github.com/amit-davidson/Chronos/e2e-tests/locksAndUnlocks/LockAndUnlockIfMap/prog1.go:13:13"
				},
				"ExistingUnlocks": {}
			},
			"State": {
				"GoroutineID": 1,
				"Clock": {
					"1": 11
				}
			}
		},
		{
			"ID": 12,
			"PosID": 12,
			"Pos": "github.com/amit-davidson/Chronos/e2e-tests/locksAndUnlocks/LockAndUnlockIfMap/prog1.go:18:16",
			"Value": "github.com/amit-davidson/Chronos/e2e-tests/locksAndUnlocks/LockAndUnlockIfMap/prog1.go:18:13",
			"OpKind": 0,
			"LocksetJson": {
				"ExistingLocks": {
					"github.com/amit-davidson/Chronos/e2e-tests/locksAndUnlocks/LockAndUnlockIfMap/prog1.go:11:2": "github.com/amit-davidson/Chronos/e2e-tests/locksAndUnlocks/LockAndUnlockIfMap/prog1.go:13:13"
				},
				"ExistingUnlocks": {}
			},
			"State": {
				"GoroutineID": 1,
				"Clock": {
					"1": 12
				}
			}
		},
		{
			"ID": 13,
			"PosID": 13,
			"Pos": "github.com/amit-davidson/Chronos/e2e-tests/locksAndUnlocks/LockAndUnlockIfMap/prog1.go:18:16",
			"Value": "",
			"OpKind": 0,
			"LocksetJson": {
				"ExistingLocks": {
					"github.com/amit-davidson/Chronos/e2e-tests/locksAndUnlocks/LockAndUnlockIfMap/prog1.go:11:2": "github.com/amit-davidson/Chronos/e2e-tests/locksAndUnlocks/LockAndUnlockIfMap/prog1.go:13:13"
				},
				"ExistingUnlocks": {}
			},
			"State": {
				"GoroutineID": 1,
				"Clock": {
					"1": 13
				}
			}
		},
		{
			"ID": 14,
			"PosID": 14,
			"Pos": "",
			"Value": "github.com/amit-davidson/Chronos/e2e-tests/locksAndUnlocks/LockAndUnlockIfMap/prog1.go:18:16",
			"OpKind": 0,
			"LocksetJson": {
				"ExistingLocks": {
					"github.com/amit-davidson/Chronos/e2e-tests/locksAndUnlocks/LockAndUnlockIfMap/prog1.go:11:2": "github.com/amit-davidson/Chronos/e2e-tests/locksAndUnlocks/LockAndUnlockIfMap/prog1.go:13:13"
				},
				"ExistingUnlocks": {}
			},
			"State": {
				"GoroutineID": 1,
				"Clock": {
					"1": 14
				}
			}
		},
		{
			"ID": 15,
			"PosID": 15,
			"Pos": "github.com/amit-davidson/Chronos/e2e-tests/locksAndUnlocks/LockAndUnlockIfMap/prog1.go:21:2",
			"Value": "github.com/amit-davidson/Chronos/e2e-tests/locksAndUnlocks/LockAndUnlockIfMap/prog1.go:8:5",
			"OpKind": 0,
			"LocksetJson": {
				"ExistingLocks": {},
				"ExistingUnlocks": {
					"github.com/amit-davidson/Chronos/e2e-tests/locksAndUnlocks/LockAndUnlockIfMap/prog1.go:11:2": "github.com/amit-davidson/Chronos/e2e-tests/locksAndUnlocks/LockAndUnlockIfMap/prog1.go:19:15"
				}
			},
			"State": {
				"GoroutineID": 1,
				"Clock": {
					"1": 15
				}
			}
		},
		{
			"ID": 16,
			"PosID": 16,
			"Pos": "github.com/amit-davidson/Chronos/e2e-tests/locksAndUnlocks/LockAndUnlockIfMap/prog1.go:21:3",
			"Value": "github.com/amit-davidson/Chronos/e2e-tests/locksAndUnlocks/LockAndUnlockIfMap/prog1.go:21:2",
			"OpKind": 1,
			"LocksetJson": {
				"ExistingLocks": {},
				"ExistingUnlocks": {
					"github.com/amit-davidson/Chronos/e2e-tests/locksAndUnlocks/LockAndUnlockIfMap/prog1.go:11:2": "github.com/amit-davidson/Chronos/e2e-tests/locksAndUnlocks/LockAndUnlockIfMap/prog1.go:19:15"
				}
			},
			"State": {
				"GoroutineID": 1,
				"Clock": {
					"1": 16
				}
			}
		},
		{
			"ID": 17,
			"PosID": 17,
			"Pos": "github.com/amit-davidson/Chronos/e2e-tests/locksAndUnlocks/LockAndUnlockIfMap/prog1.go:21:3",
			"Value": "",
			"OpKind": 0,
			"LocksetJson": {
				"ExistingLocks": {},
				"ExistingUnlocks": {
					"github.com/amit-davidson/Chronos/e2e-tests/locksAndUnlocks/LockAndUnlockIfMap/prog1.go:11:2": "github.com/amit-davidson/Chronos/e2e-tests/locksAndUnlocks/LockAndUnlockIfMap/prog1.go:19:15"
				}
			},
			"State": {
				"GoroutineID": 1,
				"Clock": {
					"1": 17
				}
			}
		}
	]
}