{
	"Lockset": {
		"ExistingLocks": {},
		"ExistingUnlocks": {}
	},
	"GuardedAccess": [
		{
			"ID": 1,
			"PosID": 1,
			"Pos": "github.com/amit-davidson/Chronos/e2e-tests/stdlib/TestRaceNestedStruct/prog1.go:10:2",
			"Value": "github.com/amit-davidson/Chronos/e2e-tests/stdlib/TestRaceNestedStruct/prog1.go:10:11",
			"OpKind": 0,
			"LocksetJson": {
				"ExistingLocks": {},
				"ExistingUnlocks": {}
			},
			"State": {
				"GoroutineID": 1,
				"Clock": {
					"1": 1
				}
			}
		},
		{
			"ID": 2,
			"PosID": 2,
			"Pos": "github.com/amit-davidson/Chronos/e2e-tests/stdlib/TestRaceNestedStruct/prog1.go:10:2",
			"Value": "github.com/amit-davidson/Chronos/e2e-tests/stdlib/TestRaceNestedStruct/prog1.go:10:2",
			"OpKind": 1,
			"LocksetJson": {
				"ExistingLocks": {},
				"ExistingUnlocks": {}
			},
			"State": {
				"GoroutineID": 1,
				"Clock": {
					"1": 2
				}
			}
		},
		{
			"ID": 3,
			"PosID": 3,
			"Pos": "github.com/amit-davidson/Chronos/e2e-tests/stdlib/TestRaceNestedStruct/prog1.go:13:3",
			"Value": "github.com/amit-davidson/Chronos/e2e-tests/stdlib/TestRaceNestedStruct/prog1.go:10:2",
			"OpKind": 0,
			"LocksetJson": {
				"ExistingLocks": {},
				"ExistingUnlocks": {}
			},
			"State": {
				"GoroutineID": 2,
				"Clock": {
					"1": 3,
					"2": 1
				}
			}
		},
		{
			"ID": 4,
			"PosID": 4,
			"Pos": "github.com/amit-davidson/Chronos/e2e-tests/stdlib/TestRaceNestedStruct/prog1.go:13:8",
			"Value": "github.com/amit-davidson/Chronos/e2e-tests/stdlib/TestRaceNestedStruct/prog1.go:11:6",
			"OpKind": 0,
			"LocksetJson": {
				"ExistingLocks": {},
				"ExistingUnlocks": {}
			},
			"State": {
				"GoroutineID": 2,
				"Clock": {
					"1": 3,
					"2": 2
				}
			}
		},
		{
			"ID": 5,
			"PosID": 5,
			"Pos": "github.com/amit-davidson/Chronos/e2e-tests/stdlib/TestRaceNestedStruct/prog1.go:16:4",
			"Value": "github.com/amit-davidson/Chronos/e2e-tests/stdlib/TestRaceNestedStruct/prog1.go:16:4",
			"OpKind": 0,
			"LocksetJson": {
				"ExistingLocks": {},
				"ExistingUnlocks": {}
			},
			"State": {
				"GoroutineID": 1,
				"Clock": {
					"1": 4
				}
			}
		},
		{
			"ID": 6,
			"PosID": 6,
			"Pos": "github.com/amit-davidson/Chronos/e2e-tests/stdlib/TestRaceNestedStruct/prog1.go:16:6",
			"Value": "github.com/amit-davidson/Chronos/e2e-tests/stdlib/TestRaceNestedStruct/prog1.go:16:6",
			"OpKind": 0,
			"LocksetJson": {
				"ExistingLocks": {},
				"ExistingUnlocks": {}
			},
			"State": {
				"GoroutineID": 1,
				"Clock": {
					"1": 5
				}
			}
		},
		{
			"ID": 7,
			"PosID": 7,
			"Pos": "github.com/amit-davidson/Chronos/e2e-tests/stdlib/TestRaceNestedStruct/prog1.go:16:6",
			"Value": "",
			"OpKind": 0,
			"LocksetJson": {
				"ExistingLocks": {},
				"ExistingUnlocks": {}
			},
			"State": {
				"GoroutineID": 1,
				"Clock": {
					"1": 6
				}
			}
		},
		{
			"ID": 8,
			"PosID": 8,
			"Pos": "github.com/amit-davidson/Chronos/e2e-tests/stdlib/TestRaceNestedStruct/prog1.go:16:6",
			"Value": "github.com/amit-davidson/Chronos/e2e-tests/stdlib/TestRaceNestedStruct/prog1.go:16:6",
			"OpKind": 1,
			"LocksetJson": {
				"ExistingLocks": {},
				"ExistingUnlocks": {}
			},
			"State": {
				"GoroutineID": 1,
				"Clock": {
					"1": 7
				}
			}
		},
		{
			"ID": 9,
			"PosID": 9,
			"Pos": "github.com/amit-davidson/Chronos/e2e-tests/stdlib/TestRaceNestedStruct/prog1.go:17:11",
			"Value": "github.com/amit-davidson/Chronos/e2e-tests/stdlib/TestRaceNestedStruct/prog1.go:10:2",
			"OpKind": 0,
			"LocksetJson": {
				"ExistingLocks": {},
				"ExistingUnlocks": {}
			},
			"State": {
				"GoroutineID": 1,
				"Clock": {
					"1": 8
				}
			}
		},
		{
			"ID": 10,
			"PosID": 10,
			"Pos": "github.com/amit-davidson/Chronos/e2e-tests/stdlib/TestRaceNestedStruct/prog1.go:17:9",
			"Value": "github.com/amit-davidson/Chronos/e2e-tests/stdlib/TestRaceNestedStruct/prog1.go:17:11",
			"OpKind": 0,
			"LocksetJson": {
				"ExistingLocks": {},
				"ExistingUnlocks": {}
			},
			"State": {
				"GoroutineID": 1,
				"Clock": {
					"1": 9
				}
			}
		},
		{
			"ID": 11,
			"PosID": 11,
			"Pos": "github.com/amit-davidson/Chronos/e2e-tests/stdlib/TestRaceNestedStruct/prog1.go:17:2",
			"Value": "github.com/amit-davidson/Chronos/e2e-tests/stdlib/TestRaceNestedStruct/prog1.go:17:9",
			"OpKind": 0,
			"LocksetJson": {
				"ExistingLocks": {},
				"ExistingUnlocks": {}
			},
			"State": {
				"GoroutineID": 1,
				"Clock": {
					"1": 10
				}
			}
		},
		{
			"ID": 12,
			"PosID": 12,
			"Pos": "github.com/amit-davidson/Chronos/e2e-tests/stdlib/TestRaceNestedStruct/prog1.go:17:2",
			"Value": "github.com/amit-davidson/Chronos/e2e-tests/stdlib/TestRaceNestedStruct/prog1.go:17:2",
			"OpKind": 1,
			"LocksetJson": {
				"ExistingLocks": {},
				"ExistingUnlocks": {}
			},
			"State": {
				"GoroutineID": 1,
				"Clock": {
					"1": 11
				}
			}
		},
		{
			"ID": 13,
			"PosID": 13,
			"Pos": "github.com/amit-davidson/Chronos/e2e-tests/stdlib/TestRaceNestedStruct/prog1.go:18:6",
			"Value": "github.com/amit-davidson/Chronos/e2e-tests/stdlib/TestRaceNestedStruct/prog1.go:17:2",
			"OpKind": 0,
			"LocksetJson": {
				"ExistingLocks": {},
				"ExistingUnlocks": {}
			},
			"State": {
				"GoroutineID": 1,
				"Clock": {
					"1": 12
				}
			}
		}
	]
}