{
	"Lockset": {
		"ExistingLocks": {},
		"ExistingUnlocks": {}
	},
	"GuardedAccess": [
		{
			"ID": 1,
			"PosID": 1,
			"Pos": "github.com/amit-davidson/Chronos/e2e-tests/general/DataRaceProperty/prog1.go:12:4",
			"Value": "github.com/amit-davidson/Chronos/e2e-tests/general/DataRaceProperty/prog1.go:12:4",
			"OpKind": 0,
			"LocksetJson": {
				"ExistingLocks": {},
				"ExistingUnlocks": {}
			},
			"State": {
				"GoroutineID": 2,
				"Clock": {
					"1": 1,
					"2": 1
				}
			}
		},
		{
			"ID": 2,
			"PosID": 2,
			"Pos": "github.com/amit-davidson/Chronos/e2e-tests/general/DataRaceProperty/prog1.go:12:4",
			"Value": "github.com/amit-davidson/Chronos/e2e-tests/general/DataRaceProperty/prog1.go:12:30",
			"OpKind": 0,
			"LocksetJson": {
				"ExistingLocks": {},
				"ExistingUnlocks": {}
			},
			"State": {
				"GoroutineID": 2,
				"Clock": {
					"1": 1,
					"2": 2
				}
			}
		},
		{
			"ID": 3,
			"PosID": 3,
			"Pos": "github.com/amit-davidson/Chronos/e2e-tests/general/DataRaceProperty/prog1.go:12:4",
			"Value": "github.com/amit-davidson/Chronos/e2e-tests/general/DataRaceProperty/prog1.go:12:4",
			"OpKind": 1,
			"LocksetJson": {
				"ExistingLocks": {},
				"ExistingUnlocks": {}
			},
			"State": {
				"GoroutineID": 2,
				"Clock": {
					"1": 1,
					"2": 3
				}
			}
		},
		{
			"ID": 4,
			"PosID": 4,
			"Pos": "",
			"Value": "github.com/amit-davidson/Chronos/e2e-tests/general/DataRaceProperty/prog1.go:15:7",
			"OpKind": 0,
			"LocksetJson": {
				"ExistingLocks": {},
				"ExistingUnlocks": {}
			},
			"State": {
				"GoroutineID": 3,
				"Clock": {
					"1": 2,
					"3": 1
				}
			}
		},
		{
			"ID": 5,
			"PosID": 5,
			"Pos": "",
			"Value": "github.com/amit-davidson/Chronos/e2e-tests/general/DataRaceProperty/prog1.go:15:7",
			"OpKind": 1,
			"LocksetJson": {
				"ExistingLocks": {},
				"ExistingUnlocks": {}
			},
			"State": {
				"GoroutineID": 3,
				"Clock": {
					"1": 2,
					"3": 2
				}
			}
		},
		{
			"ID": 6,
			"PosID": 6,
			"Pos": "github.com/amit-davidson/Chronos/e2e-tests/general/DataRaceProperty/prog1.go:19:6",
			"Value": "github.com/amit-davidson/Chronos/e2e-tests/general/DataRaceProperty/prog1.go:15:7",
			"OpKind": 0,
			"LocksetJson": {
				"ExistingLocks": {},
				"ExistingUnlocks": {}
			},
			"State": {
				"GoroutineID": 4,
				"Clock": {
					"1": 2,
					"3": 3,
					"4": 1
				}
			}
		},
		{
			"ID": 7,
			"PosID": 7,
			"Pos": "github.com/amit-davidson/Chronos/e2e-tests/general/DataRaceProperty/prog1.go:19:8",
			"Value": "github.com/amit-davidson/Chronos/e2e-tests/general/DataRaceProperty/prog1.go:19:8",
			"OpKind": 0,
			"LocksetJson": {
				"ExistingLocks": {},
				"ExistingUnlocks": {}
			},
			"State": {
				"GoroutineID": 4,
				"Clock": {
					"1": 2,
					"3": 3,
					"4": 2
				}
			}
		},
		{
			"ID": 8,
			"PosID": 8,
			"Pos": "github.com/amit-davidson/Chronos/e2e-tests/general/DataRaceProperty/prog1.go:19:8",
			"Value": "github.com/amit-davidson/Chronos/e2e-tests/general/DataRaceProperty/prog1.go:19:8",
			"OpKind": 0,
			"LocksetJson": {
				"ExistingLocks": {},
				"ExistingUnlocks": {}
			},
			"State": {
				"GoroutineID": 4,
				"Clock": {
					"1": 2,
					"3": 3,
					"4": 3
				}
			}
		},
		{
			"ID": 9,
			"PosID": 9,
			"Pos": "github.com/amit-davidson/Chronos/e2e-tests/general/DataRaceProperty/prog1.go:19:13",
			"Value": "github.com/amit-davidson/Chronos/e2e-tests/general/DataRaceProperty/prog1.go:19:8",
			"OpKind": 0,
			"LocksetJson": {
				"ExistingLocks": {},
				"ExistingUnlocks": {}
			},
			"State": {
				"GoroutineID": 4,
				"Clock": {
					"1": 2,
					"3": 3,
					"4": 4
				}
			}
		},
		{
			"ID": 10,
			"PosID": 10,
			"Pos": "github.com/amit-davidson/Chronos/e2e-tests/general/DataRaceProperty/prog1.go:19:13",
			"Value": "github.com/amit-davidson/Chronos/e2e-tests/general/DataRaceProperty/prog1.go:19:55",
			"OpKind": 0,
			"LocksetJson": {
				"ExistingLocks": {},
				"ExistingUnlocks": {}
			},
			"State": {
				"GoroutineID": 4,
				"Clock": {
					"1": 2,
					"3": 3,
					"4": 5
				}
			}
		},
		{
			"ID": 11,
			"PosID": 11,
			"Pos": "",
			"Value": "github.com/amit-davidson/Chronos/e2e-tests/general/DataRaceProperty/prog1.go:19:13",
			"OpKind": 0,
			"LocksetJson": {
				"ExistingLocks": {},
				"ExistingUnlocks": {}
			},
			"State": {
				"GoroutineID": 4,
				"Clock": {
					"1": 2,
					"3": 3,
					"4": 6
				}
			}
		},
		{
			"ID": 12,
			"PosID": 12,
			"Pos": "",
			"Value": "github.com/amit-davidson/Chronos/e2e-tests/general/DataRaceProperty/prog1.go:20:54",
			"OpKind": 0,
			"LocksetJson": {
				"ExistingLocks": {},
				"ExistingUnlocks": {}
			},
			"State": {
				"GoroutineID": 4,
				"Clock": {
					"1": 2,
					"3": 3,
					"4": 7
				}
			}
		},
		{
			"ID": 13,
			"PosID": 13,
			"Pos": "",
			"Value": "",
			"OpKind": 0,
			"LocksetJson": {
				"ExistingLocks": {},
				"ExistingUnlocks": {}
			},
			"State": {
				"GoroutineID": 4,
				"Clock": {
					"1": 2,
					"3": 3,
					"4": 8
				}
			}
		},
		{
			"ID": 14,
			"PosID": 14,
			"Pos": "",
			"Value": "",
			"OpKind": 1,
			"LocksetJson": {
				"ExistingLocks": {},
				"ExistingUnlocks": {}
			},
			"State": {
				"GoroutineID": 4,
				"Clock": {
					"1": 2,
					"3": 3,
					"4": 9
				}
			}
		}
	]
}