{
	"Lockset": {
		"ExistingLocks": {},
		"ExistingUnlocks": {
			"github.com/amit-davidson/Chronos/e2e-tests/defer/DeferredLockAndUnlockIfBranch/prog1.go:12:2": "github.com/amit-davidson/Chronos/e2e-tests/defer/DeferredLockAndUnlockIfBranch/prog1.go:20:21"
		}
	},
	"GuardedAccess": [
		{
			"ID": 1,
			"PosID": 1,
			"Pos": "github.com/amit-davidson/Chronos/e2e-tests/defer/DeferredLockAndUnlockIfBranch/prog1.go:13:16",
			"Value": "github.com/amit-davidson/Chronos/e2e-tests/defer/DeferredLockAndUnlockIfBranch/prog1.go:13:13",
			"OpKind": 0,
			"LocksetJson": {
				"ExistingLocks": {},
				"ExistingUnlocks": {}
			},
			"State": {
				"GoroutineID": 1,
				"Clock": {
					"1": 1
				}
			}
		},
		{
			"ID": 2,
			"PosID": 2,
			"Pos": "github.com/amit-davidson/Chronos/e2e-tests/defer/DeferredLockAndUnlockIfBranch/prog1.go:13:16",
			"Value": "",
			"OpKind": 0,
			"LocksetJson": {
				"ExistingLocks": {},
				"ExistingUnlocks": {}
			},
			"State": {
				"GoroutineID": 1,
				"Clock": {
					"1": 2
				}
			}
		},
		{
			"ID": 3,
			"PosID": 3,
			"Pos": "",
			"Value": "github.com/amit-davidson/Chronos/e2e-tests/defer/DeferredLockAndUnlockIfBranch/prog1.go:13:16",
			"OpKind": 0,
			"LocksetJson": {
				"ExistingLocks": {},
				"ExistingUnlocks": {}
			},
			"State": {
				"GoroutineID": 1,
				"Clock": {
					"1": 3
				}
			}
		},
		{
			"ID": 4,
			"PosID": 4,
			"Pos": "github.com/amit-davidson/Chronos/e2e-tests/defer/DeferredLockAndUnlockIfBranch/prog1.go:19:16",
			"Value": "github.com/amit-davidson/Chronos/e2e-tests/defer/DeferredLockAndUnlockIfBranch/prog1.go:19:13",
			"OpKind": 0,
			"LocksetJson": {
				"ExistingLocks": {
					"github.com/amit-davidson/Chronos/e2e-tests/defer/DeferredLockAndUnlockIfBranch/prog1.go:12:2": "github.com/amit-davidson/Chronos/e2e-tests/defer/DeferredLockAndUnlockIfBranch/prog1.go:14:19"
				},
				"ExistingUnlocks": {}
			},
			"State": {
				"GoroutineID": 1,
				"Clock": {
					"1": 4
				}
			}
		},
		{
			"ID": 5,
			"PosID": 5,
			"Pos": "github.com/amit-davidson/Chronos/e2e-tests/defer/DeferredLockAndUnlockIfBranch/prog1.go:19:16",
			"Value": "",
			"OpKind": 0,
			"LocksetJson": {
				"ExistingLocks": {
					"github.com/amit-davidson/Chronos/e2e-tests/defer/DeferredLockAndUnlockIfBranch/prog1.go:12:2": "github.com/amit-davidson/Chronos/e2e-tests/defer/DeferredLockAndUnlockIfBranch/prog1.go:14:19"
				},
				"ExistingUnlocks": {}
			},
			"State": {
				"GoroutineID": 1,
				"Clock": {
					"1": 5
				}
			}
		},
		{
			"ID": 6,
			"PosID": 6,
			"Pos": "",
			"Value": "github.com/amit-davidson/Chronos/e2e-tests/defer/DeferredLockAndUnlockIfBranch/prog1.go:19:16",
			"OpKind": 0,
			"LocksetJson": {
				"ExistingLocks": {
					"github.com/amit-davidson/Chronos/e2e-tests/defer/DeferredLockAndUnlockIfBranch/prog1.go:12:2": "github.com/amit-davidson/Chronos/e2e-tests/defer/DeferredLockAndUnlockIfBranch/prog1.go:14:19"
				},
				"ExistingUnlocks": {}
			},
			"State": {
				"GoroutineID": 1,
				"Clock": {
					"1": 6
				}
			}
		},
		{
			"ID": 7,
			"PosID": 7,
			"Pos": "github.com/amit-davidson/Chronos/e2e-tests/defer/DeferredLockAndUnlockIfBranch/prog1.go:17:3",
			"Value": "",
			"OpKind": 0,
			"LocksetJson": {
				"ExistingLocks": {
					"github.com/amit-davidson/Chronos/e2e-tests/defer/DeferredLockAndUnlockIfBranch/prog1.go:12:2": "github.com/amit-davidson/Chronos/e2e-tests/defer/DeferredLockAndUnlockIfBranch/prog1.go:14:19"
				},
				"ExistingUnlocks": {}
			},
			"State": {
				"GoroutineID": 1,
				"Clock": {
					"1": 7
				}
			}
		},
		{
			"ID": 8,
			"PosID": 8,
			"Pos": "github.com/amit-davidson/Chronos/e2e-tests/defer/DeferredLockAndUnlockIfBranch/prog1.go:17:3",
			"Value": "github.com/amit-davidson/Chronos/e2e-tests/defer/DeferredLockAndUnlockIfBranch/prog1.go:8:5",
			"OpKind": 1,
			"LocksetJson": {
				"ExistingLocks": {
					"github.com/amit-davidson/Chronos/e2e-tests/defer/DeferredLockAndUnlockIfBranch/prog1.go:12:2": "github.com/amit-davidson/Chronos/e2e-tests/defer/DeferredLockAndUnlockIfBranch/prog1.go:14:19"
				},
				"ExistingUnlocks": {}
			},
			"State": {
				"GoroutineID": 1,
				"Clock": {
					"1": 8
				}
			}
		},
		{
			"ID": 9,
			"PosID": 9,
			"Pos": "github.com/amit-davidson/Chronos/e2e-tests/defer/DeferredLockAndUnlockIfBranch/prog1.go:22:2",
			"Value": "",
			"OpKind": 0,
			"LocksetJson": {
				"ExistingLocks": {},
				"ExistingUnlocks": {
					"github.com/amit-davidson/Chronos/e2e-tests/defer/DeferredLockAndUnlockIfBranch/prog1.go:12:2": "github.com/amit-davidson/Chronos/e2e-tests/defer/DeferredLockAndUnlockIfBranch/prog1.go:20:21"
				}
			},
			"State": {
				"GoroutineID": 1,
				"Clock": {
					"1": 9
				}
			}
		},
		{
			"ID": 10,
			"PosID": 10,
			"Pos": "github.com/amit-davidson/Chronos/e2e-tests/defer/DeferredLockAndUnlockIfBranch/prog1.go:22:2",
			"Value": "github.com/amit-davidson/Chronos/e2e-tests/defer/DeferredLockAndUnlockIfBranch/prog1.go:8:5",
			"OpKind": 1,
			"LocksetJson": {
				"ExistingLocks": {},
				"ExistingUnlocks": {
					"github.com/amit-davidson/Chronos/e2e-tests/defer/DeferredLockAndUnlockIfBranch/prog1.go:12:2": "github.com/amit-davidson/Chronos/e2e-tests/defer/DeferredLockAndUnlockIfBranch/prog1.go:20:21"
				}
			},
			"State": {
				"GoroutineID": 1,
				"Clock": {
					"1": 10
				}
			}
		}
	]
}