{
	"Lockset": {
		"ExistingLocks": {},
		"ExistingUnlocks": {}
	},
	"GuardedAccess": [
		{
			"ID": 1,
			"Pos": "github.com/amit-davidson/Chronos/e2e-tests/stdlib/TestNoRaceSelect1/prog1.go:5:6",
			"Value": "github.com/amit-davidson/Chronos/e2e-tests/stdlib/TestNoRaceSelect1/prog1.go:4:6",
			"OpKind": 0,
			"LocksetJson": {
				"ExistingLocks": {},
				"ExistingUnlocks": {}
			},
			"State": {
				"GoroutineID": 1,
				"Clock": {
					"1": 1
				}
			}
		},
		{
			"ID": 2,
			"Pos": "github.com/amit-davidson/Chronos/e2e-tests/stdlib/TestNoRaceSelect1/prog1.go:6:2",
			"Value": "github.com/amit-davidson/Chronos/e2e-tests/stdlib/TestNoRaceSelect1/prog1.go:6:15",
			"OpKind": 0,
			"LocksetJson": {
				"ExistingLocks": {},
				"ExistingUnlocks": {}
			},
			"State": {
				"GoroutineID": 1,
				"Clock": {
					"1": 2
				}
			}
		},
		{
			"ID": 3,
			"Pos": "github.com/amit-davidson/Chronos/e2e-tests/stdlib/TestNoRaceSelect1/prog1.go:6:2",
			"Value": "github.com/amit-davidson/Chronos/e2e-tests/stdlib/TestNoRaceSelect1/prog1.go:6:2",
			"OpKind": 1,
			"LocksetJson": {
				"ExistingLocks": {},
				"ExistingUnlocks": {}
			},
			"State": {
				"GoroutineID": 1,
				"Clock": {
					"1": 3
				}
			}
		},
		{
			"ID": 4,
			"Pos": "github.com/amit-davidson/Chronos/e2e-tests/stdlib/TestNoRaceSelect1/prog1.go:7:2",
			"Value": "github.com/amit-davidson/Chronos/e2e-tests/stdlib/TestNoRaceSelect1/prog1.go:7:11",
			"OpKind": 0,
			"LocksetJson": {
				"ExistingLocks": {},
				"ExistingUnlocks": {}
			},
			"State": {
				"GoroutineID": 1,
				"Clock": {
					"1": 4
				}
			}
		},
		{
			"ID": 5,
			"Pos": "github.com/amit-davidson/Chronos/e2e-tests/stdlib/TestNoRaceSelect1/prog1.go:7:2",
			"Value": "github.com/amit-davidson/Chronos/e2e-tests/stdlib/TestNoRaceSelect1/prog1.go:7:2",
			"OpKind": 1,
			"LocksetJson": {
				"ExistingLocks": {},
				"ExistingUnlocks": {}
			},
			"State": {
				"GoroutineID": 1,
				"Clock": {
					"1": 5
				}
			}
		},
		{
			"ID": 6,
			"Pos": "github.com/amit-davidson/Chronos/e2e-tests/stdlib/TestNoRaceSelect1/prog1.go:8:2",
			"Value": "github.com/amit-davidson/Chronos/e2e-tests/stdlib/TestNoRaceSelect1/prog1.go:8:12",
			"OpKind": 0,
			"LocksetJson": {
				"ExistingLocks": {},
				"ExistingUnlocks": {}
			},
			"State": {
				"GoroutineID": 1,
				"Clock": {
					"1": 6
				}
			}
		},
		{
			"ID": 7,
			"Pos": "github.com/amit-davidson/Chronos/e2e-tests/stdlib/TestNoRaceSelect1/prog1.go:8:2",
			"Value": "github.com/amit-davidson/Chronos/e2e-tests/stdlib/TestNoRaceSelect1/prog1.go:8:2",
			"OpKind": 1,
			"LocksetJson": {
				"ExistingLocks": {},
				"ExistingUnlocks": {}
			},
			"State": {
				"GoroutineID": 1,
				"Clock": {
					"1": 7
				}
			}
		},
		{
			"ID": 8,
			"Pos": "github.com/amit-davidson/Chronos/e2e-tests/stdlib/TestNoRaceSelect1/prog1.go:11:3",
			"Value": "",
			"OpKind": 0,
			"LocksetJson": {
				"ExistingLocks": {},
				"ExistingUnlocks": {}
			},
			"State": {
				"GoroutineID": 2,
				"Clock": {
					"1": 8,
					"2": 1
				}
			}
		},
		{
			"ID": 9,
			"Pos": "github.com/amit-davidson/Chronos/e2e-tests/stdlib/TestNoRaceSelect1/prog1.go:11:3",
			"Value": "github.com/amit-davidson/Chronos/e2e-tests/stdlib/TestNoRaceSelect1/prog1.go:4:6",
			"OpKind": 1,
			"LocksetJson": {
				"ExistingLocks": {},
				"ExistingUnlocks": {}
			},
			"State": {
				"GoroutineID": 2,
				"Clock": {
					"1": 8,
					"2": 2
				}
			}
		},
		{
			"ID": 10,
			"Pos": "github.com/amit-davidson/Chronos/e2e-tests/stdlib/TestNoRaceSelect1/prog1.go:16:8",
			"Value": "github.com/amit-davidson/Chronos/e2e-tests/stdlib/TestNoRaceSelect1/prog1.go:7:2",
			"OpKind": 0,
			"LocksetJson": {
				"ExistingLocks": {},
				"ExistingUnlocks": {}
			},
			"State": {
				"GoroutineID": 2,
				"Clock": {
					"1": 8,
					"2": 3
				}
			}
		},
		{
			"ID": 11,
			"Pos": "github.com/amit-davidson/Chronos/e2e-tests/stdlib/TestNoRaceSelect1/prog1.go:17:8",
			"Value": "github.com/amit-davidson/Chronos/e2e-tests/stdlib/TestNoRaceSelect1/prog1.go:8:2",
			"OpKind": 0,
			"LocksetJson": {
				"ExistingLocks": {},
				"ExistingUnlocks": {}
			},
			"State": {
				"GoroutineID": 2,
				"Clock": {
					"1": 8,
					"2": 4
				}
			}
		},
		{
			"ID": 12,
			"Pos": "",
			"Value": "",
			"OpKind": 0,
			"LocksetJson": {
				"ExistingLocks": {},
				"ExistingUnlocks": {}
			},
			"State": {
				"GoroutineID": 2,
				"Clock": {
					"1": 8,
					"2": 5
				}
			}
		},
		{
			"ID": 13,
			"Pos": "",
			"Value": "",
			"OpKind": 0,
			"LocksetJson": {
				"ExistingLocks": {},
				"ExistingUnlocks": {}
			},
			"State": {
				"GoroutineID": 2,
				"Clock": {
					"1": 8,
					"2": 6
				}
			}
		},
		{
			"ID": 14,
			"Pos": "",
			"Value": "",
			"OpKind": 0,
			"LocksetJson": {
				"ExistingLocks": {},
				"ExistingUnlocks": {}
			},
			"State": {
				"GoroutineID": 2,
				"Clock": {
					"1": 8,
					"2": 7
				}
			}
		},
		{
			"ID": 15,
			"Pos": "github.com/amit-davidson/Chronos/e2e-tests/stdlib/TestNoRaceSelect1/prog1.go:19:3",
			"Value": "github.com/amit-davidson/Chronos/e2e-tests/stdlib/TestNoRaceSelect1/prog1.go:6:2",
			"OpKind": 0,
			"LocksetJson": {
				"ExistingLocks": {},
				"ExistingUnlocks": {}
			},
			"State": {
				"GoroutineID": 2,
				"Clock": {
					"1": 8,
					"2": 8
				}
			}
		},
		{
			"ID": 16,
			"Pos": "",
			"Value": "",
			"OpKind": 0,
			"LocksetJson": {
				"ExistingLocks": {},
				"ExistingUnlocks": {}
			},
			"State": {
				"GoroutineID": 2,
				"Clock": {
					"1": 8,
					"2": 9
				}
			}
		},
		{
			"ID": 17,
			"Pos": "",
			"Value": "",
			"OpKind": 0,
			"LocksetJson": {
				"ExistingLocks": {},
				"ExistingUnlocks": {}
			},
			"State": {
				"GoroutineID": 2,
				"Clock": {
					"1": 8,
					"2": 10
				}
			}
		},
		{
			"ID": 18,
			"Pos": "",
			"Value": "",
			"OpKind": 0,
			"LocksetJson": {
				"ExistingLocks": {},
				"ExistingUnlocks": {}
			},
			"State": {
				"GoroutineID": 2,
				"Clock": {
					"1": 8,
					"2": 11
				}
			}
		},
		{
			"ID": 19,
			"Pos": "",
			"Value": "",
			"OpKind": 0,
			"LocksetJson": {
				"ExistingLocks": {},
				"ExistingUnlocks": {}
			},
			"State": {
				"GoroutineID": 2,
				"Clock": {
					"1": 8,
					"2": 12
				}
			}
		},
		{
			"ID": 20,
			"Pos": "github.com/amit-davidson/Chronos/e2e-tests/stdlib/TestNoRaceSelect1/prog1.go:22:9",
			"Value": "github.com/amit-davidson/Chronos/e2e-tests/stdlib/TestNoRaceSelect1/prog1.go:7:2",
			"OpKind": 0,
			"LocksetJson": {
				"ExistingLocks": {},
				"ExistingUnlocks": {}
			},
			"State": {
				"GoroutineID": 1,
				"Clock": {
					"1": 9
				}
			}
		},
		{
			"ID": 21,
			"Pos": "github.com/amit-davidson/Chronos/e2e-tests/stdlib/TestNoRaceSelect1/prog1.go:23:7",
			"Value": "github.com/amit-davidson/Chronos/e2e-tests/stdlib/TestNoRaceSelect1/prog1.go:8:2",
			"OpKind": 0,
			"LocksetJson": {
				"ExistingLocks": {},
				"ExistingUnlocks": {}
			},
			"State": {
				"GoroutineID": 1,
				"Clock": {
					"1": 10
				}
			}
		},
		{
			"ID": 22,
			"Pos": "",
			"Value": "",
			"OpKind": 0,
			"LocksetJson": {
				"ExistingLocks": {},
				"ExistingUnlocks": {}
			},
			"State": {
				"GoroutineID": 1,
				"Clock": {
					"1": 11
				}
			}
		},
		{
			"ID": 23,
			"Pos": "",
			"Value": "",
			"OpKind": 0,
			"LocksetJson": {
				"ExistingLocks": {},
				"ExistingUnlocks": {}
			},
			"State": {
				"GoroutineID": 1,
				"Clock": {
					"1": 12
				}
			}
		},
		{
			"ID": 24,
			"Pos": "",
			"Value": "",
			"OpKind": 0,
			"LocksetJson": {
				"ExistingLocks": {},
				"ExistingUnlocks": {}
			},
			"State": {
				"GoroutineID": 1,
				"Clock": {
					"1": 13
				}
			}
		},
		{
			"ID": 25,
			"Pos": "github.com/amit-davidson/Chronos/e2e-tests/stdlib/TestNoRaceSelect1/prog1.go:25:2",
			"Value": "",
			"OpKind": 0,
			"LocksetJson": {
				"ExistingLocks": {},
				"ExistingUnlocks": {}
			},
			"State": {
				"GoroutineID": 1,
				"Clock": {
					"1": 14
				}
			}
		},
		{
			"ID": 26,
			"Pos": "github.com/amit-davidson/Chronos/e2e-tests/stdlib/TestNoRaceSelect1/prog1.go:25:2",
			"Value": "github.com/amit-davidson/Chronos/e2e-tests/stdlib/TestNoRaceSelect1/prog1.go:4:6",
			"OpKind": 1,
			"LocksetJson": {
				"ExistingLocks": {},
				"ExistingUnlocks": {}
			},
			"State": {
				"GoroutineID": 1,
				"Clock": {
					"1": 15
				}
			}
		},
		{
			"ID": 27,
			"Pos": "github.com/amit-davidson/Chronos/e2e-tests/stdlib/TestNoRaceSelect1/prog1.go:26:4",
			"Value": "github.com/amit-davidson/Chronos/e2e-tests/stdlib/TestNoRaceSelect1/prog1.go:6:2",
			"OpKind": 0,
			"LocksetJson": {
				"ExistingLocks": {},
				"ExistingUnlocks": {}
			},
			"State": {
				"GoroutineID": 1,
				"Clock": {
					"1": 16
				}
			}
		},
		{
			"ID": 28,
			"Pos": "github.com/amit-davidson/Chronos/e2e-tests/stdlib/TestNoRaceSelect1/prog1.go:26:2",
			"Value": "github.com/amit-davidson/Chronos/e2e-tests/stdlib/TestNoRaceSelect1/prog1.go:26:4",
			"OpKind": 0,
			"LocksetJson": {
				"ExistingLocks": {},
				"ExistingUnlocks": {}
			},
			"State": {
				"GoroutineID": 1,
				"Clock": {
					"1": 17
				}
			}
		},
		{
			"ID": 29,
			"Pos": "",
			"Value": "",
			"OpKind": 0,
			"LocksetJson": {
				"ExistingLocks": {},
				"ExistingUnlocks": {}
			},
			"State": {
				"GoroutineID": 1,
				"Clock": {
					"1": 18
				}
			}
		},
		{
			"ID": 30,
			"Pos": "",
			"Value": "",
			"OpKind": 0,
			"LocksetJson": {
				"ExistingLocks": {},
				"ExistingUnlocks": {}
			},
			"State": {
				"GoroutineID": 1,
				"Clock": {
					"1": 19
				}
			}
		},
		{
			"ID": 31,
			"Pos": "",
			"Value": "",
			"OpKind": 0,
			"LocksetJson": {
				"ExistingLocks": {},
				"ExistingUnlocks": {}
			},
			"State": {
				"GoroutineID": 1,
				"Clock": {
					"1": 20
				}
			}
		},
		{
			"ID": 32,
			"Pos": "",
			"Value": "",
			"OpKind": 0,
			"LocksetJson": {
				"ExistingLocks": {},
				"ExistingUnlocks": {}
			},
			"State": {
				"GoroutineID": 1,
				"Clock": {
					"1": 21
				}
			}
		}
	]
}