{
	"Lockset": {
		"ExistingLocks": {},
		"ExistingUnlocks": {}
	},
	"GuardedAccess": [
		{
			"ID": 1,
			"PosID": 1,
			"Pos": "github.com/amit-davidson/Chronos/e2e-tests/stdlibNoSuccess/TestRaceSliceStruct/prog1.go:7:2",
			"Value": "github.com/amit-davidson/Chronos/e2e-tests/stdlibNoSuccess/TestRaceSliceStruct/prog1.go:7:11",
			"OpKind": 0,
			"LocksetJson": {
				"ExistingLocks": {},
				"ExistingUnlocks": {}
			},
			"State": {
				"GoroutineID": 1,
				"Clock": {
					"1": 1
				}
			}
		},
		{
			"ID": 2,
			"PosID": 2,
			"Pos": "github.com/amit-davidson/Chronos/e2e-tests/stdlibNoSuccess/TestRaceSliceStruct/prog1.go:7:2",
			"Value": "github.com/amit-davidson/Chronos/e2e-tests/stdlibNoSuccess/TestRaceSliceStruct/prog1.go:7:2",
			"OpKind": 1,
			"LocksetJson": {
				"ExistingLocks": {},
				"ExistingUnlocks": {}
			},
			"State": {
				"GoroutineID": 1,
				"Clock": {
					"1": 2
				}
			}
		},
		{
			"ID": 3,
			"PosID": 3,
			"Pos": "github.com/amit-davidson/Chronos/e2e-tests/stdlibNoSuccess/TestRaceSliceStruct/prog1.go:8:2",
			"Value": "github.com/amit-davidson/Chronos/e2e-tests/stdlibNoSuccess/TestRaceSliceStruct/prog1.go:8:11",
			"OpKind": 0,
			"LocksetJson": {
				"ExistingLocks": {},
				"ExistingUnlocks": {}
			},
			"State": {
				"GoroutineID": 1,
				"Clock": {
					"1": 3
				}
			}
		},
		{
			"ID": 4,
			"PosID": 4,
			"Pos": "github.com/amit-davidson/Chronos/e2e-tests/stdlibNoSuccess/TestRaceSliceStruct/prog1.go:8:2",
			"Value": "github.com/amit-davidson/Chronos/e2e-tests/stdlibNoSuccess/TestRaceSliceStruct/prog1.go:8:2",
			"OpKind": 1,
			"LocksetJson": {
				"ExistingLocks": {},
				"ExistingUnlocks": {}
			},
			"State": {
				"GoroutineID": 1,
				"Clock": {
					"1": 4
				}
			}
		},
		{
			"ID": 5,
			"PosID": 5,
			"Pos": "github.com/amit-davidson/Chronos/e2e-tests/stdlibNoSuccess/TestRaceSliceStruct/prog1.go:11:11",
			"Value": "github.com/amit-davidson/Chronos/e2e-tests/stdlibNoSuccess/TestRaceSliceStruct/prog1.go:8:2",
			"OpKind": 0,
			"LocksetJson": {
				"ExistingLocks": {},
				"ExistingUnlocks": {}
			},
			"State": {
				"GoroutineID": 2,
				"Clock": {
					"1": 5,
					"2": 1
				}
			}
		},
		{
			"ID": 6,
			"PosID": 6,
			"Pos": "github.com/amit-davidson/Chronos/e2e-tests/stdlibNoSuccess/TestRaceSliceStruct/prog1.go:11:7",
			"Value": "github.com/amit-davidson/Chronos/e2e-tests/stdlibNoSuccess/TestRaceSliceStruct/prog1.go:10:12",
			"OpKind": 0,
			"LocksetJson": {
				"ExistingLocks": {},
				"ExistingUnlocks": {}
			},
			"State": {
				"GoroutineID": 2,
				"Clock": {
					"1": 5,
					"2": 2
				}
			}
		},
		{
			"ID": 7,
			"PosID": 7,
			"Pos": "github.com/amit-davidson/Chronos/e2e-tests/stdlibNoSuccess/TestRaceSliceStruct/prog1.go:11:7",
			"Value": "github.com/amit-davidson/Chronos/e2e-tests/stdlibNoSuccess/TestRaceSliceStruct/prog1.go:11:11",
			"OpKind": 1,
			"LocksetJson": {
				"ExistingLocks": {},
				"ExistingUnlocks": {}
			},
			"State": {
				"GoroutineID": 2,
				"Clock": {
					"1": 5,
					"2": 3
				}
			}
		},
		{
			"ID": 8,
			"PosID": 8,
			"Pos": "github.com/amit-davidson/Chronos/e2e-tests/stdlibNoSuccess/TestRaceSliceStruct/prog1.go:12:3",
			"Value": "github.com/amit-davidson/Chronos/e2e-tests/stdlibNoSuccess/TestRaceSliceStruct/prog1.go:7:2",
			"OpKind": 0,
			"LocksetJson": {
				"ExistingLocks": {},
				"ExistingUnlocks": {}
			},
			"State": {
				"GoroutineID": 2,
				"Clock": {
					"1": 5,
					"2": 4
				}
			}
		},
		{
			"ID": 9,
			"PosID": 9,
			"Pos": "github.com/amit-davidson/Chronos/e2e-tests/stdlibNoSuccess/TestRaceSliceStruct/prog1.go:14:2",
			"Value": "github.com/amit-davidson/Chronos/e2e-tests/stdlibNoSuccess/TestRaceSliceStruct/prog1.go:8:2",
			"OpKind": 0,
			"LocksetJson": {
				"ExistingLocks": {},
				"ExistingUnlocks": {}
			},
			"State": {
				"GoroutineID": 1,
				"Clock": {
					"1": 6
				}
			}
		},
		{
			"ID": 10,
			"PosID": 10,
			"Pos": "github.com/amit-davidson/Chronos/e2e-tests/stdlibNoSuccess/TestRaceSliceStruct/prog1.go:14:3",
			"Value": "github.com/amit-davidson/Chronos/e2e-tests/stdlibNoSuccess/TestRaceSliceStruct/prog1.go:14:2",
			"OpKind": 0,
			"LocksetJson": {
				"ExistingLocks": {},
				"ExistingUnlocks": {}
			},
			"State": {
				"GoroutineID": 1,
				"Clock": {
					"1": 7
				}
			}
		},
		{
			"ID": 11,
			"PosID": 11,
			"Pos": "github.com/amit-davidson/Chronos/e2e-tests/stdlibNoSuccess/TestRaceSliceStruct/prog1.go:14:7",
			"Value": "github.com/amit-davidson/Chronos/e2e-tests/stdlibNoSuccess/TestRaceSliceStruct/prog1.go:14:7",
			"OpKind": 0,
			"LocksetJson": {
				"ExistingLocks": {},
				"ExistingUnlocks": {}
			},
			"State": {
				"GoroutineID": 1,
				"Clock": {
					"1": 8
				}
			}
		},
		{
			"ID": 12,
			"PosID": 12,
			"Pos": "github.com/amit-davidson/Chronos/e2e-tests/stdlibNoSuccess/TestRaceSliceStruct/prog1.go:14:7",
			"Value": "",
			"OpKind": 0,
			"LocksetJson": {
				"ExistingLocks": {},
				"ExistingUnlocks": {}
			},
			"State": {
				"GoroutineID": 1,
				"Clock": {
					"1": 9
				}
			}
		},
		{
			"ID": 13,
			"PosID": 13,
			"Pos": "github.com/amit-davidson/Chronos/e2e-tests/stdlibNoSuccess/TestRaceSliceStruct/prog1.go:14:7",
			"Value": "github.com/amit-davidson/Chronos/e2e-tests/stdlibNoSuccess/TestRaceSliceStruct/prog1.go:14:7",
			"OpKind": 1,
			"LocksetJson": {
				"ExistingLocks": {},
				"ExistingUnlocks": {}
			},
			"State": {
				"GoroutineID": 1,
				"Clock": {
					"1": 10
				}
			}
		},
		{
			"ID": 14,
			"PosID": 14,
			"Pos": "github.com/amit-davidson/Chronos/e2e-tests/stdlibNoSuccess/TestRaceSliceStruct/prog1.go:15:4",
			"Value": "github.com/amit-davidson/Chronos/e2e-tests/stdlibNoSuccess/TestRaceSliceStruct/prog1.go:7:2",
			"OpKind": 0,
			"LocksetJson": {
				"ExistingLocks": {},
				"ExistingUnlocks": {}
			},
			"State": {
				"GoroutineID": 1,
				"Clock": {
					"1": 11
				}
			}
		},
		{
			"ID": 15,
			"PosID": 15,
			"Pos": "github.com/amit-davidson/Chronos/e2e-tests/stdlibNoSuccess/TestRaceSliceStruct/prog1.go:15:2",
			"Value": "github.com/amit-davidson/Chronos/e2e-tests/stdlibNoSuccess/TestRaceSliceStruct/prog1.go:15:4",
			"OpKind": 0,
			"LocksetJson": {
				"ExistingLocks": {},
				"ExistingUnlocks": {}
			},
			"State": {
				"GoroutineID": 1,
				"Clock": {
					"1": 12
				}
			}
		}
	]
}