{
	"Lockset": {
		"ExistingLocks": {},
		"ExistingUnlocks": {}
	},
	"GuardedAccess": [
		{
			"ID": 1,
			"Pos": "github.com/amit-davidson/Chronos/e2e-tests/locksAndUnlocks/MultipleLocksRace/prog1.go:9:6",
			"Value": "",
			"OpKind": 0,
			"LocksetJson": {
				"ExistingLocks": {},
				"ExistingUnlocks": {}
			},
			"State": {
				"GoroutineID": 1,
				"Clock": {
					"1": 1
				}
			}
		},
		{
			"ID": 2,
			"Pos": "github.com/amit-davidson/Chronos/e2e-tests/locksAndUnlocks/MultipleLocksRace/prog1.go:9:6",
			"Value": "github.com/amit-davidson/Chronos/e2e-tests/locksAndUnlocks/MultipleLocksRace/prog1.go:9:6",
			"OpKind": 1,
			"LocksetJson": {
				"ExistingLocks": {},
				"ExistingUnlocks": {}
			},
			"State": {
				"GoroutineID": 1,
				"Clock": {
					"1": 2
				}
			}
		},
		{
			"ID": 3,
			"Pos": "github.com/amit-davidson/Chronos/e2e-tests/locksAndUnlocks/MultipleLocksRace/prog1.go:10:6",
			"Value": "github.com/amit-davidson/Chronos/e2e-tests/locksAndUnlocks/MultipleLocksRace/prog1.go:9:6",
			"OpKind": 0,
			"LocksetJson": {
				"ExistingLocks": {},
				"ExistingUnlocks": {}
			},
			"State": {
				"GoroutineID": 1,
				"Clock": {
					"1": 3
				}
			}
		},
		{
			"ID": 4,
			"Pos": "github.com/amit-davidson/Chronos/e2e-tests/locksAndUnlocks/MultipleLocksRace/prog1.go:11:2",
			"Value": "github.com/amit-davidson/Chronos/e2e-tests/locksAndUnlocks/MultipleLocksRace/prog1.go:11:12",
			"OpKind": 0,
			"LocksetJson": {
				"ExistingLocks": {},
				"ExistingUnlocks": {}
			},
			"State": {
				"GoroutineID": 1,
				"Clock": {
					"1": 4
				}
			}
		},
		{
			"ID": 5,
			"Pos": "github.com/amit-davidson/Chronos/e2e-tests/locksAndUnlocks/MultipleLocksRace/prog1.go:11:2",
			"Value": "github.com/amit-davidson/Chronos/e2e-tests/locksAndUnlocks/MultipleLocksRace/prog1.go:11:2",
			"OpKind": 1,
			"LocksetJson": {
				"ExistingLocks": {},
				"ExistingUnlocks": {}
			},
			"State": {
				"GoroutineID": 1,
				"Clock": {
					"1": 5
				}
			}
		},
		{
			"ID": 6,
			"Pos": "github.com/amit-davidson/Chronos/e2e-tests/locksAndUnlocks/MultipleLocksRace/prog1.go:13:3",
			"Value": "",
			"OpKind": 0,
			"LocksetJson": {
				"ExistingLocks": {},
				"ExistingUnlocks": {}
			},
			"State": {
				"GoroutineID": 2,
				"Clock": {
					"1": 6,
					"2": 1
				}
			}
		},
		{
			"ID": 7,
			"Pos": "github.com/amit-davidson/Chronos/e2e-tests/locksAndUnlocks/MultipleLocksRace/prog1.go:13:3",
			"Value": "github.com/amit-davidson/Chronos/e2e-tests/locksAndUnlocks/MultipleLocksRace/prog1.go:9:6",
			"OpKind": 1,
			"LocksetJson": {
				"ExistingLocks": {},
				"ExistingUnlocks": {}
			},
			"State": {
				"GoroutineID": 2,
				"Clock": {
					"1": 6,
					"2": 2
				}
			}
		},
		{
			"ID": 8,
			"Pos": "github.com/amit-davidson/Chronos/e2e-tests/locksAndUnlocks/MultipleLocksRace/prog1.go:16:3",
			"Value": "github.com/amit-davidson/Chronos/e2e-tests/locksAndUnlocks/MultipleLocksRace/prog1.go:11:2",
			"OpKind": 0,
			"LocksetJson": {
				"ExistingLocks": {
					"github.com/amit-davidson/Chronos/e2e-tests/locksAndUnlocks/MultipleLocksRace/prog1.go:8:6": "github.com/amit-davidson/Chronos/e2e-tests/locksAndUnlocks/MultipleLocksRace/prog1.go:14:10"
				},
				"ExistingUnlocks": {}
			},
			"State": {
				"GoroutineID": 2,
				"Clock": {
					"1": 6,
					"2": 3
				}
			}
		},
		{
			"ID": 9,
			"Pos": "github.com/amit-davidson/Chronos/e2e-tests/locksAndUnlocks/MultipleLocksRace/prog1.go:19:3",
			"Value": "",
			"OpKind": 0,
			"LocksetJson": {
				"ExistingLocks": {},
				"ExistingUnlocks": {}
			},
			"State": {
				"GoroutineID": 3,
				"Clock": {
					"1": 7,
					"3": 1
				}
			}
		},
		{
			"ID": 10,
			"Pos": "github.com/amit-davidson/Chronos/e2e-tests/locksAndUnlocks/MultipleLocksRace/prog1.go:19:3",
			"Value": "github.com/amit-davidson/Chronos/e2e-tests/locksAndUnlocks/MultipleLocksRace/prog1.go:9:6",
			"OpKind": 1,
			"LocksetJson": {
				"ExistingLocks": {},
				"ExistingUnlocks": {}
			},
			"State": {
				"GoroutineID": 3,
				"Clock": {
					"1": 7,
					"3": 2
				}
			}
		},
		{
			"ID": 11,
			"Pos": "github.com/amit-davidson/Chronos/e2e-tests/locksAndUnlocks/MultipleLocksRace/prog1.go:22:3",
			"Value": "github.com/amit-davidson/Chronos/e2e-tests/locksAndUnlocks/MultipleLocksRace/prog1.go:11:2",
			"OpKind": 0,
			"LocksetJson": {
				"ExistingLocks": {},
				"ExistingUnlocks": {
					"github.com/amit-davidson/Chronos/e2e-tests/locksAndUnlocks/MultipleLocksRace/prog1.go:8:6": "github.com/amit-davidson/Chronos/e2e-tests/locksAndUnlocks/MultipleLocksRace/prog1.go:21:12"
				}
			},
			"State": {
				"GoroutineID": 3,
				"Clock": {
					"1": 7,
					"3": 3
				}
			}
		},
		{
			"ID": 12,
			"Pos": "github.com/amit-davidson/Chronos/e2e-tests/locksAndUnlocks/MultipleLocksRace/prog1.go:24:4",
			"Value": "github.com/amit-davidson/Chronos/e2e-tests/locksAndUnlocks/MultipleLocksRace/prog1.go:11:2",
			"OpKind": 0,
			"LocksetJson": {
				"ExistingLocks": {},
				"ExistingUnlocks": {}
			},
			"State": {
				"GoroutineID": 1,
				"Clock": {
					"1": 8
				}
			}
		},
		{
			"ID": 13,
			"Pos": "github.com/amit-davidson/Chronos/e2e-tests/locksAndUnlocks/MultipleLocksRace/prog1.go:24:2",
			"Value": "github.com/amit-davidson/Chronos/e2e-tests/locksAndUnlocks/MultipleLocksRace/prog1.go:24:4",
			"OpKind": 0,
			"LocksetJson": {
				"ExistingLocks": {},
				"ExistingUnlocks": {}
			},
			"State": {
				"GoroutineID": 1,
				"Clock": {
					"1": 9
				}
			}
		},
		{
			"ID": 14,
			"Pos": "github.com/amit-davidson/Chronos/e2e-tests/locksAndUnlocks/MultipleLocksRace/prog1.go:25:4",
			"Value": "github.com/amit-davidson/Chronos/e2e-tests/locksAndUnlocks/MultipleLocksRace/prog1.go:11:2",
			"OpKind": 0,
			"LocksetJson": {
				"ExistingLocks": {},
				"ExistingUnlocks": {}
			},
			"State": {
				"GoroutineID": 1,
				"Clock": {
					"1": 10
				}
			}
		},
		{
			"ID": 15,
			"Pos": "github.com/amit-davidson/Chronos/e2e-tests/locksAndUnlocks/MultipleLocksRace/prog1.go:25:2",
			"Value": "github.com/amit-davidson/Chronos/e2e-tests/locksAndUnlocks/MultipleLocksRace/prog1.go:25:4",
			"OpKind": 0,
			"LocksetJson": {
				"ExistingLocks": {},
				"ExistingUnlocks": {}
			},
			"State": {
				"GoroutineID": 1,
				"Clock": {
					"1": 11
				}
			}
		}
	]
}