{
	"Lockset": {
		"ExistingLocks": {
			"github.com/amit-davidson/Chronos/e2e-tests/defer/NestedDeferWithLockAndUnlock/prog1.go:12:2": "github.com/amit-davidson/Chronos/e2e-tests/defer/NestedDeferWithLockAndUnlock/prog1.go:14:19"
		},
		"ExistingUnlocks": {}
	},
	"GuardedAccess": [
		{
			"ID": 1,
			"Pos": "github.com/amit-davidson/Chronos/e2e-tests/defer/NestedDeferWithLockAndUnlock/prog1.go:13:16",
			"Value": "github.com/amit-davidson/Chronos/e2e-tests/defer/NestedDeferWithLockAndUnlock/prog1.go:13:13",
			"OpKind": 0,
			"LocksetJson": {
				"ExistingLocks": {},
				"ExistingUnlocks": {}
			},
			"State": {
				"GoroutineID": 1,
				"Clock": {
					"1": 1
				}
			}
		},
		{
			"ID": 2,
			"Pos": "github.com/amit-davidson/Chronos/e2e-tests/defer/NestedDeferWithLockAndUnlock/prog1.go:13:16",
			"Value": "",
			"OpKind": 0,
			"LocksetJson": {
				"ExistingLocks": {},
				"ExistingUnlocks": {}
			},
			"State": {
				"GoroutineID": 1,
				"Clock": {
					"1": 2
				}
			}
		},
		{
			"ID": 3,
			"Pos": "",
			"Value": "github.com/amit-davidson/Chronos/e2e-tests/defer/NestedDeferWithLockAndUnlock/prog1.go:13:16",
			"OpKind": 0,
			"LocksetJson": {
				"ExistingLocks": {},
				"ExistingUnlocks": {}
			},
			"State": {
				"GoroutineID": 1,
				"Clock": {
					"1": 3
				}
			}
		},
		{
			"ID": 4,
			"Pos": "github.com/amit-davidson/Chronos/e2e-tests/defer/NestedDeferWithLockAndUnlock/prog1.go:17:3",
			"Value": "",
			"OpKind": 0,
			"LocksetJson": {
				"ExistingLocks": {
					"github.com/amit-davidson/Chronos/e2e-tests/defer/NestedDeferWithLockAndUnlock/prog1.go:12:2": "github.com/amit-davidson/Chronos/e2e-tests/defer/NestedDeferWithLockAndUnlock/prog1.go:20:19"
				},
				"ExistingUnlocks": {}
			},
			"State": {
				"GoroutineID": 1,
				"Clock": {
					"1": 4
				}
			}
		},
		{
			"ID": 5,
			"Pos": "github.com/amit-davidson/Chronos/e2e-tests/defer/NestedDeferWithLockAndUnlock/prog1.go:17:3",
			"Value": "github.com/amit-davidson/Chronos/e2e-tests/defer/NestedDeferWithLockAndUnlock/prog1.go:8:5",
			"OpKind": 1,
			"LocksetJson": {
				"ExistingLocks": {
					"github.com/amit-davidson/Chronos/e2e-tests/defer/NestedDeferWithLockAndUnlock/prog1.go:12:2": "github.com/amit-davidson/Chronos/e2e-tests/defer/NestedDeferWithLockAndUnlock/prog1.go:20:19"
				},
				"ExistingUnlocks": {}
			},
			"State": {
				"GoroutineID": 1,
				"Clock": {
					"1": 5
				}
			}
		}
	]
}