{
	"Lockset": {
		"ExistingLocks": {},
		"ExistingUnlocks": {}
	},
	"GuardedAccess": [
		{
			"ID": 1,
			"Pos": "github.com/amit-davidson/Chronos/e2e-tests/stdlib/TestRaceForTest/prog1.go:4:2",
			"Value": "github.com/amit-davidson/Chronos/e2e-tests/stdlib/TestRaceForTest/prog1.go:4:14",
			"OpKind": 0,
			"LocksetJson": {
				"ExistingLocks": {},
				"ExistingUnlocks": {}
			},
			"State": {
				"GoroutineID": 1,
				"Clock": {
					"1": 1
				}
			}
		},
		{
			"ID": 2,
			"Pos": "github.com/amit-davidson/Chronos/e2e-tests/stdlib/TestRaceForTest/prog1.go:4:2",
			"Value": "github.com/amit-davidson/Chronos/e2e-tests/stdlib/TestRaceForTest/prog1.go:4:2",
			"OpKind": 1,
			"LocksetJson": {
				"ExistingLocks": {},
				"ExistingUnlocks": {}
			},
			"State": {
				"GoroutineID": 1,
				"Clock": {
					"1": 2
				}
			}
		},
		{
			"ID": 3,
			"Pos": "github.com/amit-davidson/Chronos/e2e-tests/stdlib/TestRaceForTest/prog1.go:5:2",
			"Value": "github.com/amit-davidson/Chronos/e2e-tests/stdlib/TestRaceForTest/prog1.go:5:11",
			"OpKind": 0,
			"LocksetJson": {
				"ExistingLocks": {},
				"ExistingUnlocks": {}
			},
			"State": {
				"GoroutineID": 1,
				"Clock": {
					"1": 3
				}
			}
		},
		{
			"ID": 4,
			"Pos": "github.com/amit-davidson/Chronos/e2e-tests/stdlib/TestRaceForTest/prog1.go:5:2",
			"Value": "github.com/amit-davidson/Chronos/e2e-tests/stdlib/TestRaceForTest/prog1.go:5:2",
			"OpKind": 1,
			"LocksetJson": {
				"ExistingLocks": {},
				"ExistingUnlocks": {}
			},
			"State": {
				"GoroutineID": 1,
				"Clock": {
					"1": 4
				}
			}
		},
		{
			"ID": 5,
			"Pos": "github.com/amit-davidson/Chronos/e2e-tests/stdlib/TestRaceForTest/prog1.go:6:2",
			"Value": "",
			"OpKind": 0,
			"LocksetJson": {
				"ExistingLocks": {},
				"ExistingUnlocks": {}
			},
			"State": {
				"GoroutineID": 1,
				"Clock": {
					"1": 5
				}
			}
		},
		{
			"ID": 6,
			"Pos": "github.com/amit-davidson/Chronos/e2e-tests/stdlib/TestRaceForTest/prog1.go:6:2",
			"Value": "github.com/amit-davidson/Chronos/e2e-tests/stdlib/TestRaceForTest/prog1.go:6:2",
			"OpKind": 1,
			"LocksetJson": {
				"ExistingLocks": {},
				"ExistingUnlocks": {}
			},
			"State": {
				"GoroutineID": 1,
				"Clock": {
					"1": 6
				}
			}
		},
		{
			"ID": 7,
			"Pos": "github.com/amit-davidson/Chronos/e2e-tests/stdlib/TestRaceForTest/prog1.go:9:15",
			"Value": "github.com/amit-davidson/Chronos/e2e-tests/stdlib/TestRaceForTest/prog1.go:5:2",
			"OpKind": 0,
			"LocksetJson": {
				"ExistingLocks": {},
				"ExistingUnlocks": {}
			},
			"State": {
				"GoroutineID": 2,
				"Clock": {
					"1": 7,
					"2": 1
				}
			}
		},
		{
			"ID": 8,
			"Pos": "github.com/amit-davidson/Chronos/e2e-tests/stdlib/TestRaceForTest/prog1.go:9:13",
			"Value": "github.com/amit-davidson/Chronos/e2e-tests/stdlib/TestRaceForTest/prog1.go:9:15",
			"OpKind": 0,
			"LocksetJson": {
				"ExistingLocks": {},
				"ExistingUnlocks": {}
			},
			"State": {
				"GoroutineID": 2,
				"Clock": {
					"1": 7,
					"2": 2
				}
			}
		},
		{
			"ID": 9,
			"Pos": "",
			"Value": "",
			"OpKind": 0,
			"LocksetJson": {
				"ExistingLocks": {},
				"ExistingUnlocks": {}
			},
			"State": {
				"GoroutineID": 2,
				"Clock": {
					"1": 7,
					"2": 3
				}
			}
		},
		{
			"ID": 10,
			"Pos": "github.com/amit-davidson/Chronos/e2e-tests/stdlib/TestRaceForTest/prog1.go:14:4",
			"Value": "",
			"OpKind": 0,
			"LocksetJson": {
				"ExistingLocks": {},
				"ExistingUnlocks": {}
			},
			"State": {
				"GoroutineID": 2,
				"Clock": {
					"1": 7,
					"2": 4
				}
			}
		},
		{
			"ID": 11,
			"Pos": "github.com/amit-davidson/Chronos/e2e-tests/stdlib/TestRaceForTest/prog1.go:14:4",
			"Value": "github.com/amit-davidson/Chronos/e2e-tests/stdlib/TestRaceForTest/prog1.go:6:2",
			"OpKind": 1,
			"LocksetJson": {
				"ExistingLocks": {},
				"ExistingUnlocks": {}
			},
			"State": {
				"GoroutineID": 2,
				"Clock": {
					"1": 7,
					"2": 5
				}
			}
		},
		{
			"ID": 7,
			"Pos": "github.com/amit-davidson/Chronos/e2e-tests/stdlib/TestRaceForTest/prog1.go:9:15",
			"Value": "github.com/amit-davidson/Chronos/e2e-tests/stdlib/TestRaceForTest/prog1.go:5:2",
			"OpKind": 0,
			"LocksetJson": {
				"ExistingLocks": {},
				"ExistingUnlocks": {}
			},
			"State": {
				"GoroutineID": 2,
				"Clock": {
					"1": 7,
					"2": 1
				}
			}
		},
		{
			"ID": 8,
			"Pos": "github.com/amit-davidson/Chronos/e2e-tests/stdlib/TestRaceForTest/prog1.go:9:13",
			"Value": "github.com/amit-davidson/Chronos/e2e-tests/stdlib/TestRaceForTest/prog1.go:9:15",
			"OpKind": 0,
			"LocksetJson": {
				"ExistingLocks": {},
				"ExistingUnlocks": {}
			},
			"State": {
				"GoroutineID": 2,
				"Clock": {
					"1": 7,
					"2": 2
				}
			}
		},
		{
			"ID": 9,
			"Pos": "",
			"Value": "",
			"OpKind": 0,
			"LocksetJson": {
				"ExistingLocks": {},
				"ExistingUnlocks": {}
			},
			"State": {
				"GoroutineID": 2,
				"Clock": {
					"1": 7,
					"2": 3
				}
			}
		},
		{
			"ID": 12,
			"Pos": "github.com/amit-davidson/Chronos/e2e-tests/stdlib/TestRaceForTest/prog1.go:11:5",
			"Value": "github.com/amit-davidson/Chronos/e2e-tests/stdlib/TestRaceForTest/prog1.go:4:2",
			"OpKind": 0,
			"LocksetJson": {
				"ExistingLocks": {},
				"ExistingUnlocks": {}
			},
			"State": {
				"GoroutineID": 2,
				"Clock": {
					"1": 7,
					"2": 6
				}
			}
		},
		{
			"ID": 13,
			"Pos": "github.com/amit-davidson/Chronos/e2e-tests/stdlib/TestRaceForTest/prog1.go:17:7",
			"Value": "github.com/amit-davidson/Chronos/e2e-tests/stdlib/TestRaceForTest/prog1.go:6:2",
			"OpKind": 0,
			"LocksetJson": {
				"ExistingLocks": {},
				"ExistingUnlocks": {}
			},
			"State": {
				"GoroutineID": 1,
				"Clock": {
					"1": 8
				}
			}
		},
		{
			"ID": 14,
			"Pos": "",
			"Value": "github.com/amit-davidson/Chronos/e2e-tests/stdlib/TestRaceForTest/prog1.go:17:7",
			"OpKind": 0,
			"LocksetJson": {
				"ExistingLocks": {},
				"ExistingUnlocks": {}
			},
			"State": {
				"GoroutineID": 1,
				"Clock": {
					"1": 9
				}
			}
		},
		{
			"ID": 15,
			"Pos": "github.com/amit-davidson/Chronos/e2e-tests/stdlib/TestRaceForTest/prog1.go:20:8",
			"Value": "github.com/amit-davidson/Chronos/e2e-tests/stdlib/TestRaceForTest/prog1.go:5:2",
			"OpKind": 0,
			"LocksetJson": {
				"ExistingLocks": {},
				"ExistingUnlocks": {}
			},
			"State": {
				"GoroutineID": 1,
				"Clock": {
					"1": 10
				}
			}
		},
		{
			"ID": 16,
			"Pos": "github.com/amit-davidson/Chronos/e2e-tests/stdlib/TestRaceForTest/prog1.go:21:4",
			"Value": "github.com/amit-davidson/Chronos/e2e-tests/stdlib/TestRaceForTest/prog1.go:4:2",
			"OpKind": 0,
			"LocksetJson": {
				"ExistingLocks": {},
				"ExistingUnlocks": {}
			},
			"State": {
				"GoroutineID": 1,
				"Clock": {
					"1": 11
				}
			}
		},
		{
			"ID": 17,
			"Pos": "github.com/amit-davidson/Chronos/e2e-tests/stdlib/TestRaceForTest/prog1.go:21:2",
			"Value": "github.com/amit-davidson/Chronos/e2e-tests/stdlib/TestRaceForTest/prog1.go:21:4",
			"OpKind": 0,
			"LocksetJson": {
				"ExistingLocks": {},
				"ExistingUnlocks": {}
			},
			"State": {
				"GoroutineID": 1,
				"Clock": {
					"1": 12
				}
			}
		},
		{
			"ID": 18,
			"Pos": "github.com/amit-davidson/Chronos/e2e-tests/stdlib/TestRaceForTest/prog1.go:18:3",
			"Value": "github.com/amit-davidson/Chronos/e2e-tests/stdlib/TestRaceForTest/prog1.go:5:2",
			"OpKind": 0,
			"LocksetJson": {
				"ExistingLocks": {},
				"ExistingUnlocks": {}
			},
			"State": {
				"GoroutineID": 1,
				"Clock": {
					"1": 13
				}
			}
		}
	]
}