{
	"Lockset": {
		"ExistingLocks": {},
		"ExistingUnlocks": {}
	},
	"GuardedAccess": [
		{
			"ID": 1,
			"Pos": "github.com/amit-davidson/Chronos/e2e-tests/general/DataRaceGoto/prog1.go:12:3",
			"Value": "",
			"OpKind": 0,
			"LocksetJson": {
				"ExistingLocks": {},
				"ExistingUnlocks": {}
			},
			"State": {
				"GoroutineID": 2,
				"Clock": {
					"1": 1,
					"2": 1
				}
			}
		},
		{
			"ID": 2,
			"Pos": "github.com/amit-davidson/Chronos/e2e-tests/general/DataRaceGoto/prog1.go:12:3",
			"Value": "github.com/amit-davidson/Chronos/e2e-tests/general/DataRaceGoto/prog1.go:7:5",
			"OpKind": 1,
			"LocksetJson": {
				"ExistingLocks": {},
				"ExistingUnlocks": {}
			},
			"State": {
				"GoroutineID": 2,
				"Clock": {
					"1": 1,
					"2": 2
				}
			}
		},
		{
			"ID": 3,
			"Pos": "github.com/amit-davidson/Chronos/e2e-tests/general/DataRaceGoto/prog1.go:18:5",
			"Value": "github.com/amit-davidson/Chronos/e2e-tests/general/DataRaceGoto/prog1.go:7:5",
			"OpKind": 0,
			"LocksetJson": {
				"ExistingLocks": {},
				"ExistingUnlocks": {}
			},
			"State": {
				"GoroutineID": 1,
				"Clock": {
					"1": 2
				}
			}
		},
		{
			"ID": 4,
			"Pos": "github.com/amit-davidson/Chronos/e2e-tests/general/DataRaceGoto/prog1.go:18:7",
			"Value": "github.com/amit-davidson/Chronos/e2e-tests/general/DataRaceGoto/prog1.go:18:5",
			"OpKind": 0,
			"LocksetJson": {
				"ExistingLocks": {},
				"ExistingUnlocks": {}
			},
			"State": {
				"GoroutineID": 1,
				"Clock": {
					"1": 3
				}
			}
		},
		{
			"ID": 5,
			"Pos": "github.com/amit-davidson/Chronos/e2e-tests/general/DataRaceGoto/prog1.go:18:7",
			"Value": "",
			"OpKind": 0,
			"LocksetJson": {
				"ExistingLocks": {},
				"ExistingUnlocks": {}
			},
			"State": {
				"GoroutineID": 1,
				"Clock": {
					"1": 4
				}
			}
		},
		{
			"ID": 6,
			"Pos": "",
			"Value": "github.com/amit-davidson/Chronos/e2e-tests/general/DataRaceGoto/prog1.go:18:7",
			"OpKind": 0,
			"LocksetJson": {
				"ExistingLocks": {},
				"ExistingUnlocks": {}
			},
			"State": {
				"GoroutineID": 1,
				"Clock": {
					"1": 5
				}
			}
		},
		{
			"ID": 7,
			"Pos": "github.com/amit-davidson/Chronos/e2e-tests/general/DataRaceGoto/prog1.go:23:2",
			"Value": "",
			"OpKind": 0,
			"LocksetJson": {
				"ExistingLocks": {},
				"ExistingUnlocks": {}
			},
			"State": {
				"GoroutineID": 1,
				"Clock": {
					"1": 6
				}
			}
		},
		{
			"ID": 8,
			"Pos": "github.com/amit-davidson/Chronos/e2e-tests/general/DataRaceGoto/prog1.go:23:2",
			"Value": "github.com/amit-davidson/Chronos/e2e-tests/general/DataRaceGoto/prog1.go:7:5",
			"OpKind": 1,
			"LocksetJson": {
				"ExistingLocks": {},
				"ExistingUnlocks": {}
			},
			"State": {
				"GoroutineID": 1,
				"Clock": {
					"1": 7
				}
			}
		}
	]
}