{
	"Lockset": {
		"ExistingLocks": {},
		"ExistingUnlocks": {}
	},
	"GuardedAccess": [
		{
			"ID": 1,
			"PosID": 1,
			"Pos": "github.com/amit-davidson/Chronos/e2e-tests/general/DataRaceWithSameFunction/prog1.go:10:2",
			"Value": "github.com/amit-davidson/Chronos/e2e-tests/general/DataRaceWithSameFunction/prog1.go:7:5",
			"OpKind": 0,
			"LocksetJson": {
				"ExistingLocks": {},
				"ExistingUnlocks": {}
			},
			"State": {
				"GoroutineID": 2,
				"Clock": {
					"1": 1,
					"2": 1
				}
			}
		},
		{
			"ID": 2,
			"PosID": 2,
			"Pos": "github.com/amit-davidson/Chronos/e2e-tests/general/DataRaceWithSameFunction/prog1.go:10:2",
			"Value": "github.com/amit-davidson/Chronos/e2e-tests/general/DataRaceWithSameFunction/prog1.go:10:2",
			"OpKind": 0,
			"LocksetJson": {
				"ExistingLocks": {},
				"ExistingUnlocks": {}
			},
			"State": {
				"GoroutineID": 2,
				"Clock": {
					"1": 1,
					"2": 2
				}
			}
		},
		{
			"ID": 3,
			"PosID": 3,
			"Pos": "github.com/amit-davidson/Chronos/e2e-tests/general/DataRaceWithSameFunction/prog1.go:10:2",
			"Value": "",
			"OpKind": 0,
			"LocksetJson": {
				"ExistingLocks": {},
				"ExistingUnlocks": {}
			},
			"State": {
				"GoroutineID": 2,
				"Clock": {
					"1": 1,
					"2": 3
				}
			}
		},
		{
			"ID": 4,
			"PosID": 4,
			"Pos": "github.com/amit-davidson/Chronos/e2e-tests/general/DataRaceWithSameFunction/prog1.go:10:2",
			"Value": "github.com/amit-davidson/Chronos/e2e-tests/general/DataRaceWithSameFunction/prog1.go:10:2",
			"OpKind": 0,
			"LocksetJson": {
				"ExistingLocks": {},
				"ExistingUnlocks": {}
			},
			"State": {
				"GoroutineID": 2,
				"Clock": {
					"1": 1,
					"2": 4
				}
			}
		},
		{
			"ID": 5,
			"PosID": 5,
			"Pos": "github.com/amit-davidson/Chronos/e2e-tests/general/DataRaceWithSameFunction/prog1.go:10:2",
			"Value": "github.com/amit-davidson/Chronos/e2e-tests/general/DataRaceWithSameFunction/prog1.go:7:5",
			"OpKind": 1,
			"LocksetJson": {
				"ExistingLocks": {},
				"ExistingUnlocks": {}
			},
			"State": {
				"GoroutineID": 2,
				"Clock": {
					"1": 1,
					"2": 5
				}
			}
		},
		{
			"ID": 6,
			"PosID": 1,
			"Pos": "github.com/amit-davidson/Chronos/e2e-tests/general/DataRaceWithSameFunction/prog1.go:10:2",
			"Value": "github.com/amit-davidson/Chronos/e2e-tests/general/DataRaceWithSameFunction/prog1.go:7:5",
			"OpKind": 0,
			"LocksetJson": {
				"ExistingLocks": {},
				"ExistingUnlocks": {}
			},
			"State": {
				"GoroutineID": 3,
				"Clock": {
					"1": 2,
					"3": 1
				}
			}
		},
		{
			"ID": 7,
			"PosID": 2,
			"Pos": "github.com/amit-davidson/Chronos/e2e-tests/general/DataRaceWithSameFunction/prog1.go:10:2",
			"Value": "github.com/amit-davidson/Chronos/e2e-tests/general/DataRaceWithSameFunction/prog1.go:10:2",
			"OpKind": 0,
			"LocksetJson": {
				"ExistingLocks": {},
				"ExistingUnlocks": {}
			},
			"State": {
				"GoroutineID": 3,
				"Clock": {
					"1": 2,
					"3": 2
				}
			}
		},
		{
			"ID": 8,
			"PosID": 3,
			"Pos": "github.com/amit-davidson/Chronos/e2e-tests/general/DataRaceWithSameFunction/prog1.go:10:2",
			"Value": "",
			"OpKind": 0,
			"LocksetJson": {
				"ExistingLocks": {},
				"ExistingUnlocks": {}
			},
			"State": {
				"GoroutineID": 3,
				"Clock": {
					"1": 2,
					"3": 3
				}
			}
		},
		{
			"ID": 9,
			"PosID": 4,
			"Pos": "github.com/amit-davidson/Chronos/e2e-tests/general/DataRaceWithSameFunction/prog1.go:10:2",
			"Value": "github.com/amit-davidson/Chronos/e2e-tests/general/DataRaceWithSameFunction/prog1.go:10:2",
			"OpKind": 0,
			"LocksetJson": {
				"ExistingLocks": {},
				"ExistingUnlocks": {}
			},
			"State": {
				"GoroutineID": 3,
				"Clock": {
					"1": 2,
					"3": 4
				}
			}
		},
		{
			"ID": 10,
			"PosID": 5,
			"Pos": "github.com/amit-davidson/Chronos/e2e-tests/general/DataRaceWithSameFunction/prog1.go:10:2",
			"Value": "github.com/amit-davidson/Chronos/e2e-tests/general/DataRaceWithSameFunction/prog1.go:7:5",
			"OpKind": 1,
			"LocksetJson": {
				"ExistingLocks": {},
				"ExistingUnlocks": {}
			},
			"State": {
				"GoroutineID": 3,
				"Clock": {
					"1": 2,
					"3": 5
				}
			}
		}
	]
}