{
	"Lockset": {
		"ExistingLocks": {},
		"ExistingUnlocks": {}
	},
	"GuardedAccess": [
		{
			"ID": 1,
			"Pos": "github.com/amit-davidson/Chronos/e2e-tests/stdlib/TestRaceSelect4/prog1.go:4:2",
			"Value": "github.com/amit-davidson/Chronos/e2e-tests/stdlib/TestRaceSelect4/prog1.go:4:14",
			"OpKind": 0,
			"LocksetJson": {
				"ExistingLocks": {},
				"ExistingUnlocks": {}
			},
			"State": {
				"GoroutineID": 1,
				"Clock": {
					"1": 1
				}
			}
		},
		{
			"ID": 2,
			"Pos": "github.com/amit-davidson/Chronos/e2e-tests/stdlib/TestRaceSelect4/prog1.go:4:2",
			"Value": "github.com/amit-davidson/Chronos/e2e-tests/stdlib/TestRaceSelect4/prog1.go:4:2",
			"OpKind": 1,
			"LocksetJson": {
				"ExistingLocks": {},
				"ExistingUnlocks": {}
			},
			"State": {
				"GoroutineID": 1,
				"Clock": {
					"1": 2
				}
			}
		},
		{
			"ID": 3,
			"Pos": "github.com/amit-davidson/Chronos/e2e-tests/stdlib/TestRaceSelect4/prog1.go:9:4",
			"Value": "",
			"OpKind": 0,
			"LocksetJson": {
				"ExistingLocks": {},
				"ExistingUnlocks": {}
			},
			"State": {
				"GoroutineID": 2,
				"Clock": {
					"1": 3,
					"2": 1
				}
			}
		},
		{
			"ID": 4,
			"Pos": "github.com/amit-davidson/Chronos/e2e-tests/stdlib/TestRaceSelect4/prog1.go:9:4",
			"Value": "github.com/amit-davidson/Chronos/e2e-tests/stdlib/TestRaceSelect4/prog1.go:5:6",
			"OpKind": 1,
			"LocksetJson": {
				"ExistingLocks": {},
				"ExistingUnlocks": {}
			},
			"State": {
				"GoroutineID": 2,
				"Clock": {
					"1": 3,
					"2": 2
				}
			}
		},
		{
			"ID": 5,
			"Pos": "github.com/amit-davidson/Chronos/e2e-tests/stdlib/TestRaceSelect4/prog1.go:11:3",
			"Value": "github.com/amit-davidson/Chronos/e2e-tests/stdlib/TestRaceSelect4/prog1.go:4:2",
			"OpKind": 0,
			"LocksetJson": {
				"ExistingLocks": {},
				"ExistingUnlocks": {}
			},
			"State": {
				"GoroutineID": 2,
				"Clock": {
					"1": 3,
					"2": 3
				}
			}
		},
		{
			"ID": 6,
			"Pos": "github.com/amit-davidson/Chronos/e2e-tests/stdlib/TestRaceSelect4/prog1.go:13:6",
			"Value": "github.com/amit-davidson/Chronos/e2e-tests/stdlib/TestRaceSelect4/prog1.go:5:6",
			"OpKind": 0,
			"LocksetJson": {
				"ExistingLocks": {},
				"ExistingUnlocks": {}
			},
			"State": {
				"GoroutineID": 1,
				"Clock": {
					"1": 4
				}
			}
		},
		{
			"ID": 7,
			"Pos": "github.com/amit-davidson/Chronos/e2e-tests/stdlib/TestRaceSelect4/prog1.go:14:4",
			"Value": "github.com/amit-davidson/Chronos/e2e-tests/stdlib/TestRaceSelect4/prog1.go:4:2",
			"OpKind": 0,
			"LocksetJson": {
				"ExistingLocks": {},
				"ExistingUnlocks": {}
			},
			"State": {
				"GoroutineID": 1,
				"Clock": {
					"1": 5
				}
			}
		},
		{
			"ID": 8,
			"Pos": "github.com/amit-davidson/Chronos/e2e-tests/stdlib/TestRaceSelect4/prog1.go:14:2",
			"Value": "github.com/amit-davidson/Chronos/e2e-tests/stdlib/TestRaceSelect4/prog1.go:14:4",
			"OpKind": 0,
			"LocksetJson": {
				"ExistingLocks": {},
				"ExistingUnlocks": {}
			},
			"State": {
				"GoroutineID": 1,
				"Clock": {
					"1": 6
				}
			}
		}
	]
}